./com/google/debugging/sourcemap/SourceMapConsumerV1$LineFragment.class
./com/google/debugging/sourcemap/SourceMapGeneratorV2$1.class
./com/google/debugging/sourcemap/SourceMapGeneratorV3$LineMapper.class
./com/google/debugging/sourcemap/FilePosition.class
./com/google/debugging/sourcemap/SourceMapConsumerV1$FileName.class
./com/google/debugging/sourcemap/SourceMapGeneratorV2$UsedMappingCheck.class
./com/google/debugging/sourcemap/SourceMapConsumerV3$DefaultSourceMapSupplier.class
./com/google/debugging/sourcemap/Util.class
./com/google/debugging/sourcemap/SourceMapGeneratorV3$Mapping.class
./com/google/debugging/sourcemap/SourceMapFormat.class
./com/google/debugging/sourcemap/SourceMapGeneratorV2.class
./com/google/debugging/sourcemap/SourceMapSection$SectionType.class
./com/google/debugging/sourcemap/SourceMapConsumerV3$UnnamedEntry.class
./com/google/debugging/sourcemap/proto/Mapping$OriginalMapping.class
./com/google/debugging/sourcemap/proto/Mapping$OriginalMappingOrBuilder.class
./com/google/debugging/sourcemap/proto/Mapping$1.class
./com/google/debugging/sourcemap/proto/Mapping$LineMappingOrBuilder.class
./com/google/debugging/sourcemap/proto/Mapping$LineMapping$Builder.class
./com/google/debugging/sourcemap/proto/Mapping.class
./com/google/debugging/sourcemap/proto/Mapping$LineMapping.class
./com/google/debugging/sourcemap/proto/Mapping$OriginalMapping$Builder.class
./com/google/debugging/sourcemap/SourceMapGeneratorV1$MappingWriter.class
./com/google/debugging/sourcemap/SourceMapGeneratorFactory.class
./com/google/debugging/sourcemap/SourceMapConsumerV1$SourceFile.class
./com/google/debugging/sourcemap/SourceMapGeneratorV2$MappingWriter.class
./com/google/debugging/sourcemap/SourceMapConsumerFactory.class
./com/google/debugging/sourcemap/SourceMapLineDecoder$LineEntry.class
./com/google/debugging/sourcemap/SourceMapConsumerV3$EntryVisitor.class
./com/google/debugging/sourcemap/SourceMapGeneratorV1.class
./com/google/debugging/sourcemap/SourceMapGeneratorV3$1.class
./com/google/debugging/sourcemap/SourceMapConsumerV3$MappingBuilder.class
./com/google/debugging/sourcemap/Base64VLQ.class
./com/google/debugging/sourcemap/SourceMapGeneratorV1$1.class
./com/google/debugging/sourcemap/SourceMapConsumerV3$StringCharIterator.class
./com/google/debugging/sourcemap/SourceMapConsumerV3$UnmappedEntry.class
./com/google/debugging/sourcemap/SourceMapGeneratorV2$LineMapper.class
./com/google/debugging/sourcemap/SourceMappingReversable.class
./com/google/debugging/sourcemap/SourceMapConsumerV1$SourceFile$Builder.class
./com/google/debugging/sourcemap/SourceMapGenerator.class
./com/google/debugging/sourcemap/Base64VLQ$CharIterator.class
./com/google/debugging/sourcemap/SourceMapConsumer.class
./com/google/debugging/sourcemap/SourceMapConsumerV1$1.class
./com/google/debugging/sourcemap/SourceMapGeneratorV2$MappingVisitor.class
./com/google/debugging/sourcemap/SourceMapParseException.class
./com/google/debugging/sourcemap/SourceMapGeneratorV2$LineMapEncoder.class
./com/google/debugging/sourcemap/Base64.class
./com/google/debugging/sourcemap/SourceMapGeneratorV1$LineMapper.class
./com/google/debugging/sourcemap/SourceMapGeneratorV1$UsedMappingCheck.class
./com/google/debugging/sourcemap/SourceMapLineDecoder.class
./com/google/debugging/sourcemap/SourceMapGeneratorV3.class
./com/google/debugging/sourcemap/SourceMapGeneratorV2$Mapping.class
./com/google/debugging/sourcemap/SourceMapSupplier.class
./com/google/debugging/sourcemap/SourceMapGeneratorV3$ConsumerEntryVisitor.class
./com/google/debugging/sourcemap/SourceMapConsumerV3$NamedEntry.class
./com/google/debugging/sourcemap/SourceMapGeneratorV3$UsedMappingCheck.class
./com/google/debugging/sourcemap/SourceMapLineDecoder$StringParser.class
./com/google/debugging/sourcemap/SourceMapConsumerV1$ParseState.class
./com/google/debugging/sourcemap/SourceMapSection.class
./com/google/debugging/sourcemap/SourceMapConsumerV1.class
./com/google/debugging/sourcemap/SourceMapGeneratorV3$MappingTraversal.class
./com/google/debugging/sourcemap/SourceMapGeneratorFactory$1.class
./com/google/debugging/sourcemap/SourceMapping.class
./com/google/debugging/sourcemap/SourceMapGeneratorV1$MappingVisitor.class
./com/google/debugging/sourcemap/SourceMapConsumerV3$Entry.class
./com/google/debugging/sourcemap/SourceMapGeneratorV1$Mapping.class
./com/google/debugging/sourcemap/SourceMapConsumerV2.class
./com/google/debugging/sourcemap/SourceMapConsumerV3.class
./com/google/debugging/sourcemap/SourceMapGeneratorV2$MappingTraversal.class
./com/google/debugging/sourcemap/SourceMapGeneratorV1$MappingTraversal.class
./com/google/debugging/sourcemap/SourceMapGeneratorV3$MappingVisitor.class
./com/google/javascript/jscomp/AliasKeywords$ThrowAliasSpecification.class
./com/google/javascript/jscomp/AnalyzeNameReferences$1.class
./com/google/javascript/jscomp/SideEffectsAnalysis$VariableUseDeclarationMap.class
./com/google/javascript/jscomp/SpecializeModule.class
./com/google/javascript/jscomp/CoalesceVariableNames$1.class
./com/google/javascript/jscomp/ErrorFormat$1.class
./com/google/javascript/jscomp/FunctionNames$FunctionRecord.class
./com/google/javascript/jscomp/CheckProvides.class
./com/google/javascript/jscomp/DevirtualizePrototypeMethods.class
./com/google/javascript/jscomp/SimpleDefinitionFinder.class
./com/google/javascript/jscomp/ErrorFormat.class
./com/google/javascript/jscomp/JoinOp$BinaryJoinOp.class
./com/google/javascript/jscomp/PhaseOptimizer$Loop.class
./com/google/javascript/jscomp/LightweightMessageFormatter$LineNumberingFormatter.class
./com/google/javascript/jscomp/DefinitionSite.class
./com/google/javascript/jscomp/RenameVars$2.class
./com/google/javascript/jscomp/JsMessageVisitor$1.class
./com/google/javascript/jscomp/DefaultPassConfig$96.class
./com/google/javascript/jscomp/FunctionTypeBuilder.class
./com/google/javascript/jscomp/DefaultPassConfig$35$1.class
./com/google/javascript/jscomp/FindExportableNodes$GenerateNodeContext.class
./com/google/javascript/jscomp/AnalyzeNameReferences$PropagateReferences.class
./com/google/javascript/jscomp/TypedScopeCreator$StubDeclaration.class
./com/google/javascript/jscomp/FunctionInformationMap.class
./com/google/javascript/jscomp/DefaultPassConfig$26.class
./com/google/javascript/jscomp/CrossModuleCodeMotion$1.class
./com/google/javascript/jscomp/CoalesceVariableNames$CombinedLiveRangeChecker.class
./com/google/javascript/jscomp/ClosureOptimizePrimitives$FindObjectCreateCalls.class
./com/google/javascript/jscomp/NameAnalyzer$PrototypeSetNode.class
./com/google/javascript/jscomp/NodeUtil$MayBeStringResultPredicate.class
./com/google/javascript/jscomp/FlowSensitiveInlineVariables$1.class
./com/google/javascript/jscomp/AliasExternals$PropertyGatherer.class
./com/google/javascript/jscomp/ProcessTweaks$TweakFunction.class
./com/google/javascript/jscomp/DefaultPassConfig$80.class
./com/google/javascript/jscomp/PeepholeOptimizationsPass$1.class
./com/google/javascript/jscomp/SyntacticScopeCreator.class
./com/google/javascript/jscomp/GenerateExports.class
./com/google/javascript/jscomp/DefaultPassConfig$1.class
./com/google/javascript/jscomp/SourceExcerptProvider.class
./com/google/javascript/jscomp/DefaultPassConfig$92.class
./com/google/javascript/jscomp/AnalyzePrototypeProperties$ProcessExternProperties.class
./com/google/javascript/jscomp/TypeValidator$TypeMismatch.class
./com/google/javascript/jscomp/ProcessDefines$CollectDefines.class
./com/google/javascript/jscomp/DefaultPassConfig$82$1.class
./com/google/javascript/jscomp/regex/RegExpTree$LookaheadAssertion.class
./com/google/javascript/jscomp/regex/CaseCanonicalize.class
./com/google/javascript/jscomp/regex/RegExpTree$CapturingGroup.class
./com/google/javascript/jscomp/regex/RegExpTree$Alternation.class
./com/google/javascript/jscomp/regex/RegExpTree$Anchor.class
./com/google/javascript/jscomp/regex/CaseCanonicalize$DeltaSet.class
./com/google/javascript/jscomp/regex/RegExpTree$Charset.class
./com/google/javascript/jscomp/regex/RegExpTree$Repetition.class
./com/google/javascript/jscomp/regex/RegExpTree$Text.class
./com/google/javascript/jscomp/regex/CharRanges.class
./com/google/javascript/jscomp/regex/RegExpTree.class
./com/google/javascript/jscomp/regex/RegExpTree$WordBoundary.class
./com/google/javascript/jscomp/regex/RegExpTree$Concatenation.class
./com/google/javascript/jscomp/regex/RegExpTree$1Parser.class
./com/google/javascript/jscomp/regex/RegExpTree$RegExpTreeAtom.class
./com/google/javascript/jscomp/regex/RegExpTree$BackReference.class
./com/google/javascript/jscomp/regex/RegExpTree$Empty.class
./com/google/javascript/jscomp/regex/RegExpTree$Concatenation$1Simplifier.class
./com/google/javascript/jscomp/regex/RegExpTree$DecomposedCharset.class
./com/google/javascript/jscomp/CheckDebuggerStatement.class
./com/google/javascript/jscomp/NodeTraversal$AbstractScopedCallback.class
./com/google/javascript/jscomp/TransformAMDToCJSModule$DefineCallbackReturnCallback.class
./com/google/javascript/jscomp/ConstCheck.class
./com/google/javascript/jscomp/DefaultPassConfig$70.class
./com/google/javascript/jscomp/SimpleRegion.class
./com/google/javascript/jscomp/CodingConventions$Proxy.class
./com/google/javascript/jscomp/JsMessage.class
./com/google/javascript/jscomp/WarningLevel$1.class
./com/google/javascript/jscomp/JsMessageVisitor.class
./com/google/javascript/jscomp/CallGraph$Function.class
./com/google/javascript/jscomp/AstParallelizer$1.class
./com/google/javascript/jscomp/FunctionInjector$CallSiteType$4.class
./com/google/javascript/jscomp/ProcessClosurePrimitives.class
./com/google/javascript/jscomp/CreateSyntheticBlocks$Callback.class
./com/google/javascript/jscomp/DefaultPassConfig$94.class
./com/google/javascript/jscomp/InlineProperties$ReplaceCandidates.class
./com/google/javascript/jscomp/RenameLabels$1.class
./com/google/javascript/jscomp/CodePrinter.class
./com/google/javascript/jscomp/AstValidator$1.class
./com/google/javascript/jscomp/DefaultPassConfig$40.class
./com/google/javascript/jscomp/CheckGlobalNames.class
./com/google/javascript/jscomp/InlineFunctions$CallVisitor.class
./com/google/javascript/jscomp/NodeUtil$MatchNotFunction.class
./com/google/javascript/jscomp/ExpressionDecomposer$DecompositionState.class
./com/google/javascript/jscomp/CollapseProperties$1.class
./com/google/javascript/jscomp/CleanupPasses.class
./com/google/javascript/jscomp/CommandLineRunner$Flags$WarningGuardWarningOptionHandler.class
./com/google/javascript/jscomp/DefaultPassConfig$78.class
./com/google/javascript/jscomp/ControlFlowGraph.class
./com/google/javascript/jscomp/CrossModuleCodeMotion$Declaration.class
./com/google/javascript/jscomp/FunctionInjector$CallSiteType$6.class
./com/google/javascript/jscomp/AmbiguateProperties$1.class
./com/google/javascript/jscomp/MakeDeclaredNamesUnique$InlineRenamer.class
./com/google/javascript/jscomp/type/ClosureReverseAbstractInterpreter$2.class
./com/google/javascript/jscomp/type/SemanticReverseAbstractInterpreter$RestrictByTrueInstanceOfResultVisitor.class
./com/google/javascript/jscomp/type/ReverseAbstractInterpreter.class
./com/google/javascript/jscomp/type/ClosureReverseAbstractInterpreter$1.class
./com/google/javascript/jscomp/type/ClosureReverseAbstractInterpreter$3.class
./com/google/javascript/jscomp/type/ClosureReverseAbstractInterpreter$7.class
./com/google/javascript/jscomp/type/ClosureReverseAbstractInterpreter$13.class
./com/google/javascript/jscomp/type/SemanticReverseAbstractInterpreter$2.class
./com/google/javascript/jscomp/type/ChainableReverseAbstractInterpreter$2.class
./com/google/javascript/jscomp/type/ChainableReverseAbstractInterpreter$1.class
./com/google/javascript/jscomp/type/SemanticReverseAbstractInterpreter$RestrictByFalseInstanceOfResultVisitor.class
./com/google/javascript/jscomp/type/ClosureReverseAbstractInterpreter$6.class
./com/google/javascript/jscomp/type/ChainableReverseAbstractInterpreter$RestrictByFalseTypeOfResultVisitor.class
./com/google/javascript/jscomp/type/ClosureReverseAbstractInterpreter$12.class
./com/google/javascript/jscomp/type/SemanticReverseAbstractInterpreter$5.class
./com/google/javascript/jscomp/type/ChainableReverseAbstractInterpreter$RestrictByTrueTypeOfResultVisitor.class
./com/google/javascript/jscomp/type/ClosureReverseAbstractInterpreter$5.class
./com/google/javascript/jscomp/type/ClosureReverseAbstractInterpreter.class
./com/google/javascript/jscomp/type/ClosureReverseAbstractInterpreter$11.class
./com/google/javascript/jscomp/type/ChainableReverseAbstractInterpreter$RestrictByTypeOfResultVisitor.class
./com/google/javascript/jscomp/type/ClosureReverseAbstractInterpreter$9.class
./com/google/javascript/jscomp/type/SemanticReverseAbstractInterpreter$1.class
./com/google/javascript/jscomp/type/ChainableReverseAbstractInterpreter.class
./com/google/javascript/jscomp/type/ClosureReverseAbstractInterpreter$10.class
./com/google/javascript/jscomp/type/ChainableReverseAbstractInterpreter$RestrictByOneTypeOfResultVisitor.class
./com/google/javascript/jscomp/type/ClosureReverseAbstractInterpreter$TypeRestriction.class
./com/google/javascript/jscomp/type/FlowScope.class
./com/google/javascript/jscomp/type/SemanticReverseAbstractInterpreter.class
./com/google/javascript/jscomp/type/ClosureReverseAbstractInterpreter$4.class
./com/google/javascript/jscomp/type/SemanticReverseAbstractInterpreter$4.class
./com/google/javascript/jscomp/type/SemanticReverseAbstractInterpreter$3.class
./com/google/javascript/jscomp/type/ClosureReverseAbstractInterpreter$8.class
./com/google/javascript/jscomp/RuntimeTypeCheck$AddMarkers.class
./com/google/javascript/jscomp/SourceExcerptProvider$SourceExcerpt.class
./com/google/javascript/jscomp/NameAnalyzer$JsName.class
./com/google/javascript/jscomp/CombinedCompilerPass$CallbackWrapper.class
./com/google/javascript/jscomp/DefaultPassConfig$82.class
./com/google/javascript/jscomp/TightenTypes$VariableAssignAction.class
./com/google/javascript/jscomp/CompilerOptions$NullAliasTransformationHandler.class
./com/google/javascript/jscomp/DefaultPassConfig$44.class
./com/google/javascript/jscomp/JSModuleGraph$ModuleDependenceException.class
./com/google/javascript/jscomp/DefaultPassConfig$74.class
./com/google/javascript/jscomp/SanityCheck.class
./com/google/javascript/jscomp/AliasExternals$GlobalGatherer.class
./com/google/javascript/jscomp/TightenTypes$NativeCallFunctionCall.class
./com/google/javascript/jscomp/SymbolTable$4.class
./com/google/javascript/jscomp/ConcreteType$Factory.class
./com/google/javascript/jscomp/InlineObjectLiterals$InliningBehavior.class
./com/google/javascript/jscomp/DefaultPassConfig$58.class
./com/google/javascript/jscomp/DefaultPassConfig$89.class
./com/google/javascript/jscomp/DisambiguateProperties$Property.class
./com/google/javascript/jscomp/ReferenceCollectingCallback.class
./com/google/javascript/jscomp/DefaultPassConfig$5.class
./com/google/javascript/jscomp/AmbiguateProperties$ProcessExterns.class
./com/google/javascript/jscomp/DefaultPassConfig$97$1.class
./com/google/javascript/jscomp/SourceExcerptProvider$SourceExcerpt$2.class
./com/google/javascript/jscomp/InstrumentFunctions.class
./com/google/javascript/jscomp/RenameProperties$Property.class
./com/google/javascript/jscomp/ProcessTweaks$TweakInfo.class
./com/google/javascript/jscomp/AbstractCompiler$LifeCycleStage.class
./com/google/javascript/jscomp/ConcreteType$ConcreteNoneType.class
./com/google/javascript/jscomp/CompilerInput$DepsFinder.class
./com/google/javascript/jscomp/CodingConvention.class
./com/google/javascript/jscomp/DefaultPassConfig$52.class
./com/google/javascript/jscomp/RenameLabels$ProcessLabels.class
./com/google/javascript/jscomp/InlineProperties$PropertyInfo.class
./com/google/javascript/jscomp/Normalize$ScopeTicklingCallback.class
./com/google/javascript/jscomp/DefinitionProvider.class
./com/google/javascript/jscomp/NameReferenceGraph$Name.class
./com/google/javascript/jscomp/CodingConvention$Bind.class
./com/google/javascript/jscomp/StrictWarningsGuard.class
./com/google/javascript/jscomp/AliasKeywords$1.class
./com/google/javascript/jscomp/DefinitionsRemover$NamedFunctionDefinition.class
./com/google/javascript/jscomp/UnreachableCodeElimination$EliminationPass.class
./com/google/javascript/jscomp/NameAnalyzer$AliasSet.class
./com/google/javascript/jscomp/AliasExternals$Symbol.class
./com/google/javascript/jscomp/LoggerErrorManager.class
./com/google/javascript/jscomp/DefaultPassConfig$57.class
./com/google/javascript/jscomp/ExtractPrototypeMemberDeclarations.class
./com/google/javascript/jscomp/ReferenceCollectingCallback$ReferenceMapWrapper.class
./com/google/javascript/jscomp/DefaultPassConfig$27$1.class
./com/google/javascript/jscomp/RenamePrototypes.class
./com/google/javascript/jscomp/ShadowVariables.class
./com/google/javascript/jscomp/SourceMap$1.class
./com/google/javascript/jscomp/DefaultPassConfig$7.class
./com/google/javascript/jscomp/DefaultPassConfig$87.class
./com/google/javascript/jscomp/InlineFunctions$CallVisitorCallback.class
./com/google/javascript/jscomp/Compiler$8.class
./com/google/javascript/jscomp/AmbiguateProperties$ProcessProperties.class
./com/google/javascript/jscomp/CompilationLevel.class
./com/google/javascript/jscomp/MakeDeclaredNamesUnique$WhitelistedRenamer.class
./com/google/javascript/jscomp/SideEffectsAnalysis$DegenerateLocationAbstraction.class
./com/google/javascript/jscomp/ReplaceIdGenerators$GatherGenerators.class
./com/google/javascript/jscomp/MethodCompilerPass$GetExternMethods.class
./com/google/javascript/jscomp/CheckPathsBetweenNodes$4.class
./com/google/javascript/jscomp/FunctionRewriter.class
./com/google/javascript/jscomp/TypeInference.class
./com/google/javascript/jscomp/SimpleDefinitionFinder$UseSiteGatheringCallback.class
./com/google/javascript/jscomp/RenameProperties.class
./com/google/javascript/jscomp/PassFactory.class
./com/google/javascript/jscomp/NodeUtil$Visitor.class
./com/google/javascript/jscomp/CodingConvention$SubclassRelationship.class
./com/google/javascript/jscomp/CollapseVariableDeclarations$1.class
./com/google/javascript/jscomp/CheckPathsBetweenNodes$3.class
./com/google/javascript/jscomp/ReplaceIdGenerators.class
./com/google/javascript/jscomp/MustBeReachingVariableDef$1.class
./com/google/javascript/jscomp/DefaultPassConfig$17.class
./com/google/javascript/jscomp/AbstractCommandLineRunner$1.class
./com/google/javascript/jscomp/NodeUtil$MatchShallowStatement.class
./com/google/javascript/jscomp/PeepholeSubstituteAlternateSyntax.class
./com/google/javascript/jscomp/DefaultPassConfig$4.class
./com/google/javascript/jscomp/FunctionRewriter$Reduction.class
./com/google/javascript/jscomp/ClosureCodeRemoval.class
./com/google/javascript/jscomp/DefaultPassConfig$51.class
./com/google/javascript/jscomp/DefaultPassConfig$15.class
./com/google/javascript/jscomp/ProcessClosurePrimitives$1.class
./com/google/javascript/jscomp/PeepholeOptimizationsPass$PeepholeChangeHandler.class
./com/google/javascript/jscomp/ObjectPropertyStringPreprocess.class
./com/google/javascript/jscomp/CheckMissingReturn.class
./com/google/javascript/jscomp/MakeDeclaredNamesUnique$ContextualRenameInverter.class
./com/google/javascript/jscomp/CodingConventions$DefaultCodingConvention.class
./com/google/javascript/jscomp/ConcreteType$1.class
./com/google/javascript/jscomp/DefaultPassConfig$HotSwapPassFactory.class
./com/google/javascript/jscomp/DependencyOptions.class
./com/google/javascript/jscomp/DefaultPassConfig$83.class
./com/google/javascript/jscomp/LiveVariablesAnalysis.class
./com/google/javascript/jscomp/GoogleCodingConvention.class
./com/google/javascript/jscomp/FunctionTypeBuilder$ImplementedTypeValidator.class
./com/google/javascript/jscomp/DefaultPassConfig$63$1.class
./com/google/javascript/jscomp/NameAnalyzer$NameInformation.class
./com/google/javascript/jscomp/CompilerOptions$TracerMode.class
./com/google/javascript/jscomp/CleanupPasses$1.class
./com/google/javascript/jscomp/NameAnonymousFunctions$AnonymousFunctionNamer.class
./com/google/javascript/jscomp/DefaultPassConfig$3.class
./com/google/javascript/jscomp/FunctionInjector$1.class
./com/google/javascript/jscomp/DefaultPassConfig$73.class
./com/google/javascript/jscomp/NameAnalyzer$FindDeclarationsAndSetters.class
./com/google/javascript/jscomp/DefaultPassConfig$28.class
./com/google/javascript/jscomp/Denormalize$StripConstantAnnotations.class
./com/google/javascript/jscomp/ReplaceIdGenerators$ReplaceGenerators.class
./com/google/javascript/jscomp/AliasExternals$GetGlobals.class
./com/google/javascript/jscomp/TypeInference$1.class
./com/google/javascript/jscomp/parsing/JsDocInfoParser$State.class
./com/google/javascript/jscomp/parsing/IRFactory$1.class
./com/google/javascript/jscomp/parsing/NullErrorReporter.class
./com/google/javascript/jscomp/parsing/Config$LanguageMode.class
./com/google/javascript/jscomp/parsing/JsDocTokenStream.class
./com/google/javascript/jscomp/parsing/ParserRunner$ParseResult.class
./com/google/javascript/jscomp/parsing/NullErrorReporter$1.class
./com/google/javascript/jscomp/parsing/JsDocInfoParser$WhitespaceOption.class
./com/google/javascript/jscomp/parsing/NullErrorReporter$OldRhinoNullReporter.class
./com/google/javascript/jscomp/parsing/IRFactory.class
./com/google/javascript/jscomp/parsing/JsDocInfoParser.class
./com/google/javascript/jscomp/parsing/IRFactory$TransformDispatcher.class
./com/google/javascript/jscomp/parsing/JsDocInfoParser$ExtendedTypeInfo.class
./com/google/javascript/jscomp/parsing/NullErrorReporter$NewRhinoNullReporter.class
./com/google/javascript/jscomp/parsing/JsDocToken.class
./com/google/javascript/jscomp/parsing/TypeSafeDispatcher.class
./com/google/javascript/jscomp/parsing/JsDocInfoParser$1.class
./com/google/javascript/jscomp/parsing/Config.class
./com/google/javascript/jscomp/parsing/JsDocInfoParser$ErrorReporterParser.class
./com/google/javascript/jscomp/parsing/JsDocInfoParser$ExtractionInfo.class
./com/google/javascript/jscomp/parsing/Annotation.class
./com/google/javascript/jscomp/parsing/ParserRunner.class
./com/google/javascript/jscomp/InlineProperties.class
./com/google/javascript/jscomp/SourceExcerptProvider$1.class
./com/google/javascript/jscomp/AliasStrings$StringInfo.class
./com/google/javascript/jscomp/Compiler$4.class
./com/google/javascript/jscomp/CompilerPass.class
./com/google/javascript/jscomp/MaybeReachingVariableUse.class
./com/google/javascript/jscomp/PreprocessorSymbolTable$Reference.class
./com/google/javascript/jscomp/ReplaceIdGenerators$RenameStrategy.class
./com/google/javascript/jscomp/SourceMap$Format.class
./com/google/javascript/jscomp/DefaultPassConfig$91$1.class
./com/google/javascript/jscomp/PeepholeReplaceKnownMethods.class
./com/google/javascript/jscomp/JSSourceFile.class
./com/google/javascript/jscomp/ConcreteType$4.class
./com/google/javascript/jscomp/PerformanceTracker$CodeSizeEstimatePrinter.class
./com/google/javascript/jscomp/InlineSimpleMethods$InlineTrivialAccessors.class
./com/google/javascript/jscomp/NameGenerator.class
./com/google/javascript/jscomp/PeepholeSubstituteAlternateSyntax$2.class
./com/google/javascript/jscomp/SpecializationAwareCompilerPass.class
./com/google/javascript/jscomp/GatherSideEffectSubexpressionsCallback.class
./com/google/javascript/jscomp/FunctionRewriter$SetterReducer.class
./com/google/javascript/jscomp/VariableVisibilityAnalysis.class
./com/google/javascript/jscomp/DisambiguateProperties.class
./com/google/javascript/jscomp/DefaultPassConfig$22$1.class
./com/google/javascript/jscomp/UnreachableCodeElimination$1.class
./com/google/javascript/jscomp/StrictModeCheck$1.class
./com/google/javascript/jscomp/NameReferenceGraphReport.class
./com/google/javascript/jscomp/ReplaceStrings$Result.class
./com/google/javascript/jscomp/ConcreteType$7.class
./com/google/javascript/jscomp/LiveVariablesAnalysis$LiveVariableLattice.class
./com/google/javascript/jscomp/DefaultPassConfig$11.class
./com/google/javascript/jscomp/DefaultPassConfig$71.class
./com/google/javascript/jscomp/DataFlowAnalysis$BranchedFlowState.class
./com/google/javascript/jscomp/ShadowVariables$GatherReferenceInfo.class
./com/google/javascript/jscomp/FunctionInformationMap$Module$Builder.class
./com/google/javascript/jscomp/DefaultPassConfig$33.class
./com/google/javascript/jscomp/InlineVariables.class
./com/google/javascript/jscomp/ClosureOptimizePrimitives$1.class
./com/google/javascript/jscomp/DefaultPassConfig$98.class
./com/google/javascript/jscomp/FunctionInjector$2.class
./com/google/javascript/jscomp/CssRenamingMap$ByPart.class
./com/google/javascript/jscomp/PureFunctionIdentifier$SideEffectPropagationCallback.class
./com/google/javascript/jscomp/TransformAMDToCJSModule$TransformAMDModulesCallback.class
./com/google/javascript/jscomp/NodeTraversal$AbstractShallowStatementCallback.class
./com/google/javascript/jscomp/ReplaceStrings.class
./com/google/javascript/jscomp/InlineSimpleMethods$1.class
./com/google/javascript/jscomp/DefinitionsRemover$AssignmentDefinition.class
./com/google/javascript/jscomp/DefinitionsRemover$IncompleteDefinition.class
./com/google/javascript/jscomp/DefaultPassConfig$49.class
./com/google/javascript/jscomp/TightenTypes$FunctionCallBuilder.class
./com/google/javascript/jscomp/CheckLevelLegacy.class
./com/google/javascript/jscomp/PeepholeOptimizationsPass$ScopeState.class
./com/google/javascript/jscomp/ReferenceCollectingCallback$Reference.class
./com/google/javascript/jscomp/ReplaceCssNames$1.class
./com/google/javascript/jscomp/CheckSideEffects.class
./com/google/javascript/jscomp/AnalyzePrototypeProperties$NameContext.class
./com/google/javascript/jscomp/CommandLineRunner$Flags$WarningGuardOffOptionHandler.class
./com/google/javascript/jscomp/ReplaceIdGenerators$1.class
./com/google/javascript/jscomp/TypedScopeCreator$AbstractScopeBuilder$CollectProperties.class
./com/google/javascript/jscomp/InlineFunctions$NamedFunction.class
./com/google/javascript/jscomp/DefinitionsRemover$FunctionDefinition.class
./com/google/javascript/jscomp/ReferenceCollectingCallback$ReferenceCollection.class
./com/google/javascript/jscomp/JsMessageExtractor$1.class
./com/google/javascript/jscomp/ReplaceStrings$Location.class
./com/google/javascript/jscomp/DefaultPassConfig$42$1.class
./com/google/javascript/jscomp/ReferenceCollectingCallback$1.class
./com/google/javascript/jscomp/TypedScopeCreator$LocalScopeBuilder.class
./com/google/javascript/jscomp/Compiler$6.class
./com/google/javascript/jscomp/DefaultPassConfig$22.class
./com/google/javascript/jscomp/NodeUtil$1.class
./com/google/javascript/jscomp/CodeChangeHandler$RecentChange.class
./com/google/javascript/jscomp/SpecializeModule$1.class
./com/google/javascript/jscomp/TightenTypes$ExternFunctionCall.class
./com/google/javascript/jscomp/FieldCleanupPass.class
./com/google/javascript/jscomp/InlineFunctions$1.class
./com/google/javascript/jscomp/DisambiguateProperties$AbstractScopingCallback.class
./com/google/javascript/jscomp/NameAnalyzer$FindDependencyScopes.class
./com/google/javascript/jscomp/GlobalNamespace$Tracker.class
./com/google/javascript/jscomp/DeadAssignmentsElimination$1.class
./com/google/javascript/jscomp/LinkedFlowScope.class
./com/google/javascript/jscomp/InstrumentationTemplate.class
./com/google/javascript/jscomp/JvmMetrics.class
./com/google/javascript/jscomp/GatherRawExports.class
./com/google/javascript/jscomp/PhaseOptimizer.class
./com/google/javascript/jscomp/GroupVariableDeclarations.class
./com/google/javascript/jscomp/FunctionInjector$CallSiteType.class
./com/google/javascript/jscomp/OptimizeParameters$Parameter.class
./com/google/javascript/jscomp/ProcessCommonJSModules.class
./com/google/javascript/jscomp/SourceMap$Format$4.class
./com/google/javascript/jscomp/CodeConsumer.class
./com/google/javascript/jscomp/DefaultPassConfig$102.class
./com/google/javascript/jscomp/RescopeGlobalSymbols$RemoveGlobalVarCallback.class
./com/google/javascript/jscomp/SpecializeModule$SpecializationState.class
./com/google/javascript/jscomp/NameAnalyzer$HoistVariableAndFunctionDeclarations.class
./com/google/javascript/jscomp/ChainCalls.class
./com/google/javascript/jscomp/FunctionInjector$CallSiteType$2.class
./com/google/javascript/jscomp/ExpressionDecomposer$DecompositionType.class
./com/google/javascript/jscomp/FunctionInjector$CallSiteType$3.class
./com/google/javascript/jscomp/StrictModeCheck$NonExternChecks.class
./com/google/javascript/jscomp/ProcessDefines$1.class
./com/google/javascript/jscomp/MustBeReachingVariableDef$MustDef.class
./com/google/javascript/jscomp/AstParallelizer$4.class
./com/google/javascript/jscomp/DefaultPassConfig$62.class
./com/google/javascript/jscomp/CodePrinter$CompactCodePrinter.class
./com/google/javascript/jscomp/InlineFunctions$FindCandidateFunctions.class
./com/google/javascript/jscomp/DefaultPassConfig$27.class
./com/google/javascript/jscomp/ControlFlowAnalysis$1.class
./com/google/javascript/jscomp/LightweightMessageFormatter.class
./com/google/javascript/jscomp/StripCode$Strip.class
./com/google/javascript/jscomp/InlineFunctions$Inline.class
./com/google/javascript/jscomp/SideEffectsAnalysis$VisibilityLocationAbstraction.class
./com/google/javascript/jscomp/DefaultPassConfig$86.class
./com/google/javascript/jscomp/RenameLabels$LabelInfo.class
./com/google/javascript/jscomp/FunctionInjector$CallSiteType$1.class
./com/google/javascript/jscomp/RemoveUnusedVars$Continuation.class
./com/google/javascript/jscomp/SpecializeModule$OriginalFunctionInformation.class
./com/google/javascript/jscomp/CompilerOptions$AliasTransformation.class
./com/google/javascript/jscomp/DefaultPassConfig$76.class
./com/google/javascript/jscomp/ProcessDefines.class
./com/google/javascript/jscomp/JsMessage$1.class
./com/google/javascript/jscomp/SymbolTable$JSDocInfoCollector.class
./com/google/javascript/jscomp/RenamePrototypes$Property.class
./com/google/javascript/jscomp/RuntimeTypeCheck$1.class
./com/google/javascript/jscomp/DefaultPassConfig$34.class
./com/google/javascript/jscomp/CollapseAnonymousFunctions$1.class
./com/google/javascript/jscomp/DefaultPassConfig$88$1.class
./com/google/javascript/jscomp/GlobalVarReferenceMap$GlobalVarRefCleanupPass.class
./com/google/javascript/jscomp/ReplaceIdGenerators$StableNameSupplier.class
./com/google/javascript/jscomp/FlowSensitiveInlineVariables$Candidate$4.class
./com/google/javascript/jscomp/Tracer$InternalClock.class
./com/google/javascript/jscomp/PerformanceTracker$Stats.class
./com/google/javascript/jscomp/SideEffectsAnalysis$AbstractMotionEnvironment.class
./com/google/javascript/jscomp/TightenTypes$Assignment.class
./com/google/javascript/jscomp/CssRenamingMap$Style.class
./com/google/javascript/jscomp/FunctionInformationMap$Builder.class
./com/google/javascript/jscomp/InlineFunctions$Function.class
./com/google/javascript/jscomp/ReplaceMessages.class
./com/google/javascript/jscomp/PhaseOptimizer$ProgressRange.class
./com/google/javascript/jscomp/FunctionInfo.class
./com/google/javascript/jscomp/NodeIterators.class
./com/google/javascript/jscomp/ConvertToDottedProperties.class
./com/google/javascript/jscomp/RenameLabels.class
./com/google/javascript/jscomp/DefinitionsRemover$FunctionExpressionDefinition.class
./com/google/javascript/jscomp/FunctionToBlockMutator$LabelNameSupplier.class
./com/google/javascript/jscomp/VariableReferenceCheck$1.class
./com/google/javascript/jscomp/ChainCalls$CallSite.class
./com/google/javascript/jscomp/ControlFlowAnalysis.class
./com/google/javascript/jscomp/ReferenceCollectingCallback$Behavior.class
./com/google/javascript/jscomp/DefaultPassConfig$35.class
./com/google/javascript/jscomp/ObjectPropertyStringPostprocess.class
./com/google/javascript/jscomp/LinkedFlowScope$LinkedFlowSlot.class
./com/google/javascript/jscomp/CodePrinter$1.class
./com/google/javascript/jscomp/ControlFlowAnalysis$AstControlFlowGraph$1.class
./com/google/javascript/jscomp/CrossModuleMethodMotion$IdGenerator.class
./com/google/javascript/jscomp/CheckProvides$CheckProvidesCallback.class
./com/google/javascript/jscomp/ScopedAliases.class
./com/google/javascript/jscomp/VarCheck.class
./com/google/javascript/jscomp/InstrumentFunctions$RemoveCallback.class
./com/google/javascript/jscomp/IgnoreCajaProperties.class
./com/google/javascript/jscomp/Compiler$7.class
./com/google/javascript/jscomp/PerformanceTracker$CmpEntries.class
./com/google/javascript/jscomp/NameReferenceGraphConstruction$NameUse.class
./com/google/javascript/jscomp/XtbMessageBundle$1.class
./com/google/javascript/jscomp/Normalize$VerifyConstants.class
./com/google/javascript/jscomp/DefaultPassConfig$81.class
./com/google/javascript/jscomp/FlowSensitiveInlineVariables$GatherCandiates.class
./com/google/javascript/jscomp/FunctionInjector$CallSiteType$5.class
./com/google/javascript/jscomp/AliasKeywords.class
./com/google/javascript/jscomp/MessageFormatter.class
./com/google/javascript/jscomp/DefaultPassConfig$ClearTypedScope.class
./com/google/javascript/jscomp/DefaultPassConfig$48.class
./com/google/javascript/jscomp/DefaultPassConfig$10$1.class
./com/google/javascript/jscomp/GlobalVarReferenceMap.class
./com/google/javascript/jscomp/RuntimeTypeCheck.class
./com/google/javascript/jscomp/NameReferenceGraphConstruction$Traversal.class
./com/google/javascript/jscomp/PeepholeSimplifyRegExp.class
./com/google/javascript/jscomp/Tracer$TracingStatistic.class
./com/google/javascript/jscomp/CustomPassExecutionTime.class
./com/google/javascript/jscomp/CheckPathsBetweenNodes.class
./com/google/javascript/jscomp/DeadAssignmentsElimination$VariableLiveness.class
./com/google/javascript/jscomp/AnalyzePrototypeProperties$NameInfo.class
./com/google/javascript/jscomp/SuppressDocWarningsGuard.class
./com/google/javascript/jscomp/FunctionInformationMap$ModuleOrBuilder.class
./com/google/javascript/jscomp/SideEffectsAnalysis$RawMotionEnvironment.class
./com/google/javascript/jscomp/CheckRequiresForConstructors$1.class
./com/google/javascript/jscomp/FunctionInjector.class
./com/google/javascript/jscomp/JsMessage$Builder.class
./com/google/javascript/jscomp/AstValidator.class
./com/google/javascript/jscomp/RenamePrototypes$1.class
./com/google/javascript/jscomp/DefaultPassConfig$25.class
./com/google/javascript/jscomp/DefaultPassConfig$88.class
./com/google/javascript/jscomp/RemoveUnusedPrototypeProperties.class
./com/google/javascript/jscomp/DefaultPassConfig.class
./com/google/javascript/jscomp/CallGraph$Callsite.class
./com/google/javascript/jscomp/FlowSensitiveInlineVariables$GatherCandiates$1.class
./com/google/javascript/jscomp/ReplaceIdGenerators$ObfuscatedNameSuppier.class
./com/google/javascript/jscomp/ClosureCodingConvention.class
./com/google/javascript/jscomp/SideEffectsAnalysis$2.class
./com/google/javascript/jscomp/CommandLineRunner$Flags$WarningGuardSetter.class
./com/google/javascript/jscomp/SideEffectsAnalysis$LocationAbstraction.class
./com/google/javascript/jscomp/AmbiguateProperties.class
./com/google/javascript/jscomp/DefaultPassConfig$91.class
./com/google/javascript/jscomp/LiveVariablesAnalysis$LiveVariableJoinOp.class
./com/google/javascript/jscomp/NodeUtil$MatchNameNode.class
./com/google/javascript/jscomp/FunctionRewriter$GetterReducer.class
./com/google/javascript/jscomp/Compiler$10.class
./com/google/javascript/jscomp/RescopeGlobalSymbols.class
./com/google/javascript/jscomp/PeepholeSubstituteAlternateSyntax$3.class
./com/google/javascript/jscomp/MakeDeclaredNamesUnique$ContextualRenamer.class
./com/google/javascript/jscomp/AbstractCommandLineRunner$WarningGuardSpec$Entry.class
./com/google/javascript/jscomp/RenameLabels$LabelNamespace.class
./com/google/javascript/jscomp/NameAnalyzer$FindReferences$NodeAccumulator.class
./com/google/javascript/jscomp/AstParallelizer$2.class
./com/google/javascript/jscomp/MaybeReachingVariableUse$ReachingUses.class
./com/google/javascript/jscomp/RhinoErrorReporter$1.class
./com/google/javascript/jscomp/NodeTraversal.class
./com/google/javascript/jscomp/CheckAccessControls.class
./com/google/javascript/jscomp/ObjectPropertyStringPostprocess$1.class
./com/google/javascript/jscomp/DefaultPassConfig$23.class
./com/google/javascript/jscomp/SourceFile$Generated.class
./com/google/javascript/jscomp/FunctionRewriter$Reducer.class
./com/google/javascript/jscomp/AnalyzePrototypeProperties$PropagateReferences.class
./com/google/javascript/jscomp/JsMessageExtractor$ExtractMessagesVisitor.class
./com/google/javascript/jscomp/StatementFusion.class
./com/google/javascript/jscomp/AliasStrings$StringOccurrence.class
./com/google/javascript/jscomp/AstParallelizer.class
./com/google/javascript/jscomp/JsMessageVisitor$MessageLocation.class
./com/google/javascript/jscomp/InlineVariables$AliasCandidate.class
./com/google/javascript/jscomp/FunctionInformationMap$1.class
./com/google/javascript/jscomp/DefaultPassConfig$85.class
./com/google/javascript/jscomp/CheckGlobalThis.class
./com/google/javascript/jscomp/FunctionRewriter$ReductionGatherer.class
./com/google/javascript/jscomp/AnalyzePrototypeProperties$ProcessProperties.class
./com/google/javascript/jscomp/SourceMap$Format$3.class
./com/google/javascript/jscomp/OptimizeCalls.class
./com/google/javascript/jscomp/DefinitionsRemover$ExternalNameOnlyDefinition.class
./com/google/javascript/jscomp/InvocationsCallback.class
./com/google/javascript/jscomp/ReferenceCollectingCallback$ReferenceMap.class
./com/google/javascript/jscomp/CrossModuleCodeMotion.class
./com/google/javascript/jscomp/CodingConvention$DelegateRelationship.class
./com/google/javascript/jscomp/NodeUtil$MatchNodeType.class
./com/google/javascript/jscomp/SyntacticScopeCreator$DefaultRedeclarationHandler.class
./com/google/javascript/jscomp/CallGraph.class
./com/google/javascript/jscomp/OptimizeReturns.class
./com/google/javascript/jscomp/PeepholeFoldConstants.class
./com/google/javascript/jscomp/DefaultPassConfig$36.class
./com/google/javascript/jscomp/CleanupPasses$3.class
./com/google/javascript/jscomp/DefinitionsRemover$Definition.class
./com/google/javascript/jscomp/FunctionNames$FunctionListExtractor.class
./com/google/javascript/jscomp/CheckLevel.class
./com/google/javascript/jscomp/RemoveTryCatch$1.class
./com/google/javascript/jscomp/Scope$Var.class
./com/google/javascript/jscomp/Result.class
./com/google/javascript/jscomp/SideEffectsAnalysis$3.class
./com/google/javascript/jscomp/CodingConventions.class
./com/google/javascript/jscomp/CompilerOptions$DevMode.class
./com/google/javascript/jscomp/ProcessTweaks$1.class
./com/google/javascript/jscomp/CommandLineRunner$Flags$BooleanOptionHandler.class
./com/google/javascript/jscomp/DefaultPassConfig$99.class
./com/google/javascript/jscomp/NameAnalyzer$1.class
./com/google/javascript/jscomp/AliasKeywords$FindAliasableNodes.class
./com/google/javascript/jscomp/RescopeGlobalSymbols$RewriteGlobalFunctionStatementsToVarAssignmentsCallback.class
./com/google/javascript/jscomp/DefaultPassConfig$90.class
./com/google/javascript/jscomp/CheckUnreachableCode.class
./com/google/javascript/jscomp/TypedScopeCreator$1.class
./com/google/javascript/jscomp/TypeInference$BooleanOutcomePair.class
./com/google/javascript/jscomp/GatherSideEffectSubexpressionsCallback$GetReplacementSideEffectSubexpressions.class
./com/google/javascript/jscomp/TypeInference$TemplateTypeReplacer.class
./com/google/javascript/jscomp/DefaultPassConfig$95.class
./com/google/javascript/jscomp/NameAnalyzer$SpecialReferenceNode.class
./com/google/javascript/jscomp/DefaultPassConfig$36$1.class
./com/google/javascript/jscomp/NameAnalyzer$TriState.class
./com/google/javascript/jscomp/SideEffectsAnalysis$LocationSummary.class
./com/google/javascript/jscomp/DefaultPassConfig$21.class
./com/google/javascript/jscomp/NameReferenceGraphConstruction.class
./com/google/javascript/jscomp/FunctionInjector$CanInlineResult.class
./com/google/javascript/jscomp/PeepholeRemoveDeadCode.class
./com/google/javascript/jscomp/AbstractCommandLineRunner.class
./com/google/javascript/jscomp/MarkNoSideEffectCalls$GatherNoSideEffectFunctions.class
./com/google/javascript/jscomp/InstrumentationTemplate$1.class
./com/google/javascript/jscomp/CrossModuleCodeMotion$NamedInfo.class
./com/google/javascript/jscomp/DefaultPassConfig$9.class
./com/google/javascript/jscomp/NameAnonymousFunctionsMapped$1.class
./com/google/javascript/jscomp/MustBeReachingVariableDef$Definition.class
./com/google/javascript/jscomp/Scope.class
./com/google/javascript/jscomp/CodingConventions$1.class
./com/google/javascript/jscomp/SymbolTable.class
./com/google/javascript/jscomp/Compiler$3.class
./com/google/javascript/jscomp/DefaultPassConfig$93.class
./com/google/javascript/jscomp/DefaultPassConfig$101.class
./com/google/javascript/jscomp/TransformAMDToCJSModule$RenameCallback.class
./com/google/javascript/jscomp/AstParallelizer$3.class
./com/google/javascript/jscomp/Region.class
./com/google/javascript/jscomp/DefaultPassConfig$38.class
./com/google/javascript/jscomp/InlineCostEstimator.class
./com/google/javascript/jscomp/PrintStreamErrorManager.class
./com/google/javascript/jscomp/PeepholeSubstituteAlternateSyntax$1.class
./com/google/javascript/jscomp/DefaultPassConfig$9$1.class
./com/google/javascript/jscomp/AbstractMessageFormatter$Color.class
./com/google/javascript/jscomp/LoggerErrorManager$1.class
./com/google/javascript/jscomp/DefaultPassConfig$60.class
./com/google/javascript/jscomp/TypeInferencePass.class
./com/google/javascript/jscomp/AnalyzeNameReferences.class
./com/google/javascript/jscomp/GoogleJsMessageIdGenerator$FP.class
./com/google/javascript/jscomp/Tracer$AtomicTracerStatMap.class
./com/google/javascript/jscomp/NameReferenceGraph.class
./com/google/javascript/jscomp/FunctionRewriter$IdentityReducer.class
./com/google/javascript/jscomp/GoogleJsMessageIdGenerator.class
./com/google/javascript/jscomp/Compiler$IntermediateState.class
./com/google/javascript/jscomp/SymbolTable$ThisRefCollector.class
./com/google/javascript/jscomp/DefaultPassConfig$92$1.class
./com/google/javascript/jscomp/ComposeWarningsGuard$1.class
./com/google/javascript/jscomp/SyntacticScopeCreator$1.class
./com/google/javascript/jscomp/DefaultPassConfig$100.class
./com/google/javascript/jscomp/FunctionNames$FunctionExpressionNamer.class
./com/google/javascript/jscomp/ScopeCreator.class
./com/google/javascript/jscomp/SymbolTable$1.class
./com/google/javascript/jscomp/AliasExternals$1.class
./com/google/javascript/jscomp/ProcessDefines$CollectDefines$RefInfo.class
./com/google/javascript/jscomp/PureFunctionIdentifier$FunctionAnalyzer.class
./com/google/javascript/jscomp/RescopeGlobalSymbols$RewriteScopeCallback.class
./com/google/javascript/jscomp/CommandLineRunner.class
./com/google/javascript/jscomp/FunctionInfo$1.class
./com/google/javascript/jscomp/PeepholeOptimizationsPass$StateStack.class
./com/google/javascript/jscomp/DefinitionsRemover$UnknownDefinition.class
./com/google/javascript/jscomp/SymbolTable$Symbol.class
./com/google/javascript/jscomp/ConcreteType$ConcreteFunctionType.class
./com/google/javascript/jscomp/CollapseAnonymousFunctions$Callback.class
./com/google/javascript/jscomp/XtbMessageBundle.class
./com/google/javascript/jscomp/Compiler$9.class
./com/google/javascript/jscomp/ChainCalls$1.class
./com/google/javascript/jscomp/AbstractCompiler.class
./com/google/javascript/jscomp/ClosureOptimizePrimitives.class
./com/google/javascript/jscomp/FunctionRewriter$SingleReturnStatementReducer.class
./com/google/javascript/jscomp/CheckPathsBetweenNodes$1.class
./com/google/javascript/jscomp/ObjectPropertyStringPostprocess$Callback.class
./com/google/javascript/jscomp/DefaultPassConfig$65.class
./com/google/javascript/jscomp/CompilerOptions$TweakProcessing.class
./com/google/javascript/jscomp/PureFunctionIdentifier$Driver.class
./com/google/javascript/jscomp/SyntheticAst.class
./com/google/javascript/jscomp/RemoveUnusedVars.class
./com/google/javascript/jscomp/UnreachableCodeElimination.class
./com/google/javascript/jscomp/DefaultPassConfig$66.class
./com/google/javascript/jscomp/CodePrinter$MappedCodePrinter$Mapping.class
./com/google/javascript/jscomp/FunctionRewriter$ReturnConstantReducer.class
./com/google/javascript/jscomp/CombinedCompilerPass.class
./com/google/javascript/jscomp/DefinitionsRemover$ObjectLiteralPropertyDefinition.class
./com/google/javascript/jscomp/WarningsGuard$Priority.class
./com/google/javascript/jscomp/DefaultPassConfig$29.class
./com/google/javascript/jscomp/JsMessageExtractor.class
./com/google/javascript/jscomp/XtbMessageBundle$SecureEntityResolver.class
./com/google/javascript/jscomp/AnonymousFunctionNamingCallback.class
./com/google/javascript/jscomp/InlineVariables$InliningBehavior.class
./com/google/javascript/jscomp/NameAnalyzer$ClassDefiningFunctionNode.class
./com/google/javascript/jscomp/DotFormatter.class
./com/google/javascript/jscomp/SimpleDefinitionFinder$1.class
./com/google/javascript/jscomp/AmbiguateProperties$PropertyGraphNode.class
./com/google/javascript/jscomp/DisambiguateProperties$TypeSystem.class
./com/google/javascript/jscomp/DefaultPassConfig$41.class
./com/google/javascript/jscomp/JsMessage$Style.class
./com/google/javascript/jscomp/DefaultPassConfig$41$1.class
./com/google/javascript/jscomp/TightenTypes$ConcreteSlot.class
./com/google/javascript/jscomp/DeadAssignmentsElimination.class
./com/google/javascript/jscomp/Normalize$DuplicateDeclarationHandler.class
./com/google/javascript/jscomp/CodeGenerator$Context.class
./com/google/javascript/jscomp/SideEffectsAnalysis.class
./com/google/javascript/jscomp/OptimizeCalls$CallGraphCompilerPass.class
./com/google/javascript/jscomp/ScopedAliases$AliasedTypeNode.class
./com/google/javascript/jscomp/ConcreteType$ConcreteUniqueType.class
./com/google/javascript/jscomp/FunctionInjector$InliningMode.class
./com/google/javascript/jscomp/TightenTypes$PropertyAssignAction.class
./com/google/javascript/jscomp/ReplaceIdGenerators$PseudoNameSuppier.class
./com/google/javascript/jscomp/DataFlowAnalysis$1.class
./com/google/javascript/jscomp/ConcreteType$5.class
./com/google/javascript/jscomp/DefaultPassConfig$63.class
./com/google/javascript/jscomp/CheckRegExp.class
./com/google/javascript/jscomp/ConcreteType$TypeFilter.class
./com/google/javascript/jscomp/WarningsGuard.class
./com/google/javascript/jscomp/JsMessage$IdGenerator.class
./com/google/javascript/jscomp/DefaultPassConfig$30.class
./com/google/javascript/jscomp/VariableMap.class
./com/google/javascript/jscomp/DefaultPassConfig$45.class
./com/google/javascript/jscomp/DisambiguateProperties$FindRenameableProperties.class
./com/google/javascript/jscomp/NodeUtil$MatchDeclaration.class
./com/google/javascript/jscomp/CleanupPasses$2.class
./com/google/javascript/jscomp/DefaultPassConfig$61.class
./com/google/javascript/jscomp/FunctionInformationMap$EntryOrBuilder.class
./com/google/javascript/jscomp/SyntacticScopeCreator$RedeclarationHandler.class
./com/google/javascript/jscomp/PassConfig$PassConfigDelegate.class
./com/google/javascript/jscomp/SideEffectsAnalysis$4.class
./com/google/javascript/jscomp/MaybeReachingVariableUse$ReachingUsesJoinOp.class
./com/google/javascript/jscomp/deps/SortedDependencies$1.class
./com/google/javascript/jscomp/deps/JsFileParser.class
./com/google/javascript/jscomp/deps/JsFileLineParser$ParseException.class
./com/google/javascript/jscomp/deps/SortedDependencies$MissingProvideException.class
./com/google/javascript/jscomp/deps/JsFunctionParser$SymbolInfo.class
./com/google/javascript/jscomp/deps/DepsGenerator$1.class
./com/google/javascript/jscomp/deps/SortedDependencies$CircularDependencyException.class
./com/google/javascript/jscomp/deps/DependencyInfo.class
./com/google/javascript/jscomp/deps/JsFunctionParser.class
./com/google/javascript/jscomp/deps/DepsGenerator$InclusionStrategy.class
./com/google/javascript/jscomp/deps/JsFileLineParser.class
./com/google/javascript/jscomp/deps/SimpleDependencyInfo.class
./com/google/javascript/jscomp/deps/PathUtil.class
./com/google/javascript/jscomp/deps/DepsFileParser.class
./com/google/javascript/jscomp/deps/DepsGenerator.class
./com/google/javascript/jscomp/deps/SortedDependencies.class
./com/google/javascript/jscomp/deps/JsFunctionParser$1.class
./com/google/javascript/jscomp/DefaultPassConfig$62$1.class
./com/google/javascript/jscomp/InstrumentFunctions$1.class
./com/google/javascript/jscomp/OptimizeArgumentsArray.class
./com/google/javascript/jscomp/CompilationLevel$1.class
./com/google/javascript/jscomp/SideEffectsAnalysis$DegenerateLocationAbstraction$DegenerateEffectLocation.class
./com/google/javascript/jscomp/DefaultPassConfig$64.class
./com/google/javascript/jscomp/AnonymousFunctionNamingCallback$FunctionNamer.class
./com/google/javascript/jscomp/DefaultPassConfig$53.class
./com/google/javascript/jscomp/RecordFunctionInformation$1.class
./com/google/javascript/jscomp/CompilerOptions.class
./com/google/javascript/jscomp/ClosureCodeRemoval$RemovableAssignment.class
./com/google/javascript/jscomp/JqueryCodingConvention.class
./com/google/javascript/jscomp/RenameVars$ProcessVars.class
./com/google/javascript/jscomp/PassConfig.class
./com/google/javascript/jscomp/WhitelistWarningsGuard.class
./com/google/javascript/jscomp/CssRenamingMap.class
./com/google/javascript/jscomp/VariableRenamingPolicy.class
./com/google/javascript/jscomp/DiagnosticGroupWarningsGuard.class
./com/google/javascript/jscomp/DefaultPassConfig$72.class
./com/google/javascript/jscomp/SideEffectsAnalysis$CrossModuleMotionEnvironment.class
./com/google/javascript/jscomp/JSModuleGraph$InverseDepthComparator.class
./com/google/javascript/jscomp/ClosureCodingConvention$AssertInstanceofSpec.class
./com/google/javascript/jscomp/SourceMap$Format$1.class
./com/google/javascript/jscomp/AnalyzePrototypeProperties$AssignmentProperty.class
./com/google/javascript/jscomp/TransformAMDToCJSModule$1.class
./com/google/javascript/jscomp/NameAnalyzer$FindReferences.class
./com/google/javascript/jscomp/ObjectPropertyStringPreprocess$1.class
./com/google/javascript/jscomp/CrossModuleMethodMotion.class
./com/google/javascript/jscomp/PhaseOptimizer$NamedPass.class
./com/google/javascript/jscomp/DiagnosticGroup.class
./com/google/javascript/jscomp/MarkNoSideEffectCalls.class
./com/google/javascript/jscomp/RenameProperties$1.class
./com/google/javascript/jscomp/DataFlowAnalysis$BranchedForwardDataFlowAnalysis.class
./com/google/javascript/jscomp/ProcessTweaks$CollectTweaksResult.class
./com/google/javascript/jscomp/NodeTraversal$AbstractPostOrderCallback.class
./com/google/javascript/jscomp/MustBeReachingVariableDef$MustDefJoin.class
./com/google/javascript/jscomp/DefaultPassConfig$54.class
./com/google/javascript/jscomp/CheckRequiresForConstructors.class
./com/google/javascript/jscomp/IgnoreCajaProperties$Traversal.class
./com/google/javascript/jscomp/WarningLevel.class
./com/google/javascript/jscomp/RenameProperties$ProcessProperties.class
./com/google/javascript/jscomp/PrepareAst$PrepareAnnotations.class
./com/google/javascript/jscomp/DefaultPassConfig$46.class
./com/google/javascript/jscomp/ChainCalls$GatherFunctions.class
./com/google/javascript/jscomp/ExtractPrototypeMemberDeclarations$ExtractionInstance.class
./com/google/javascript/jscomp/DefaultPassConfig$8.class
./com/google/javascript/jscomp/Tracer$1.class
./com/google/javascript/jscomp/ClosureRewriteClass$ClassDefinition.class
./com/google/javascript/jscomp/DefinitionsRemover$VarDefinition.class
./com/google/javascript/jscomp/CompilerInput.class
./com/google/javascript/jscomp/DiagnosticType.class
./com/google/javascript/jscomp/NameAnalyzer$RefNode.class
./com/google/javascript/jscomp/InlineFunctions$FunctionVar.class
./com/google/javascript/jscomp/TightenTypes$ConcreteScope.class
./com/google/javascript/jscomp/ReplaceStrings$Config.class
./com/google/javascript/jscomp/CodeGenerator.class
./com/google/javascript/jscomp/CompilerOptions$LanguageMode.class
./com/google/javascript/jscomp/ReplaceCssNames$Traversal.class
./com/google/javascript/jscomp/VariableVisibilityAnalysis$VariableVisibility.class
./com/google/javascript/jscomp/ProcessTweaks$CollectTweaks.class
./com/google/javascript/jscomp/FunctionTypeBuilder$ExtendedTypeValidator.class
./com/google/javascript/jscomp/JsAst.class
./com/google/javascript/jscomp/FunctionTypeBuilder$UnknownFunctionContents.class
./com/google/javascript/jscomp/ant/CompileTask.class
./com/google/javascript/jscomp/ant/AntErrorManager$1.class
./com/google/javascript/jscomp/ant/AntErrorManager.class
./com/google/javascript/jscomp/ant/Warning.class
./com/google/javascript/jscomp/MarkNoSideEffectCalls$SetNoSideEffectCallProperty.class
./com/google/javascript/jscomp/ObjectPropertyStringPreprocess$Callback.class
./com/google/javascript/jscomp/ClosureCodeRemoval$FindAssertionCalls.class
./com/google/javascript/jscomp/FunctionRewriter$EmptyFunctionReducer.class
./com/google/javascript/jscomp/MakeDeclaredNamesUnique.class
./com/google/javascript/jscomp/TypeInferencePass$1.class
./com/google/javascript/jscomp/AstParallelizer$DetachPoint.class
./com/google/javascript/jscomp/JSError$1.class
./com/google/javascript/jscomp/DefaultPassConfig$50.class
./com/google/javascript/jscomp/DefaultPassConfig$31.class
./com/google/javascript/jscomp/SymbolTable$SymbolScope.class
./com/google/javascript/jscomp/SourceMap.class
./com/google/javascript/jscomp/PhaseOptimizer$State.class
./com/google/javascript/jscomp/ComposeWarningsGuard.class
./com/google/javascript/jscomp/DefaultPassConfig$42.class
./com/google/javascript/jscomp/IgnoreCajaProperties$1.class
./com/google/javascript/jscomp/AnalyzePrototypeProperties$Property.class
./com/google/javascript/jscomp/BasicErrorManager.class
./com/google/javascript/jscomp/ErrorFormat$3.class
./com/google/javascript/jscomp/NameAnalyzer$RemoveListener.class
./com/google/javascript/jscomp/FunctionTypeBuilder$1.class
./com/google/javascript/jscomp/XtbMessageBundle$Handler.class
./com/google/javascript/jscomp/GlobalNamespace$Name.class
./com/google/javascript/jscomp/ConcreteType.class
./com/google/javascript/jscomp/AliasKeywords$KeywordAliasSpecification.class
./com/google/javascript/jscomp/CollapseAnonymousFunctions.class
./com/google/javascript/jscomp/ConcreteType$6.class
./com/google/javascript/jscomp/CoalesceVariableNames.class
./com/google/javascript/jscomp/RemoveUnusedVars$CallSiteOptimizer.class
./com/google/javascript/jscomp/DefaultPassConfig$17$1.class
./com/google/javascript/jscomp/SideEffectsAnalysis$IntraproceduralMotionEnvironment.class
./com/google/javascript/jscomp/AliasKeywords$AliasSpecification.class
./com/google/javascript/jscomp/FunctionArgumentInjector$ReferencedAfterSideEffect.class
./com/google/javascript/jscomp/ProcessCommonJSModules$SuffixVarsCallback.class
./com/google/javascript/jscomp/MaybeReachingVariableUse$1.class
./com/google/javascript/jscomp/AbstractCommandLineRunner$WarningGuardSpec.class
./com/google/javascript/jscomp/ComposeWarningsGuard$GuardComparator.class
./com/google/javascript/jscomp/ExtractPrototypeMemberDeclarations$Pattern.class
./com/google/javascript/jscomp/DefaultPassConfig$79.class
./com/google/javascript/jscomp/NodeIterators$FunctionlessLocalScope.class
./com/google/javascript/jscomp/GlobalNamespace.class
./com/google/javascript/jscomp/MakeDeclaredNamesUnique$BoilerplateRenamer.class
./com/google/javascript/jscomp/GlobalNamespace$Ref.class
./com/google/javascript/jscomp/PeepholeFoldConstants$1.class
./com/google/javascript/jscomp/Normalize.class
./com/google/javascript/jscomp/ErrorPass.class
./com/google/javascript/jscomp/DefaultPassConfig$59.class
./com/google/javascript/jscomp/DefaultPassConfig$19.class
./com/google/javascript/jscomp/DefaultPassConfig$GlobalTypeResolver.class
./com/google/javascript/jscomp/GlobalNamespace$BuildGlobalNamespace.class
./com/google/javascript/jscomp/FlowSensitiveInlineVariables$Candidate$2.class
./com/google/javascript/jscomp/InlineObjectLiterals$InliningBehavior$1.class
./com/google/javascript/jscomp/DefaultPassConfig$34$1.class
./com/google/javascript/jscomp/MustBeReachingVariableDef.class
./com/google/javascript/jscomp/Compiler$5.class
./com/google/javascript/jscomp/ClosureRewriteClass$MemberDefinition.class
./com/google/javascript/jscomp/PreprocessorSymbolTable.class
./com/google/javascript/jscomp/ClosureCodeRemoval$1.class
./com/google/javascript/jscomp/FlowSensitiveInlineVariables$Candidate$1.class
./com/google/javascript/jscomp/FunctionInformationMap$Module.class
./com/google/javascript/jscomp/DisambiguateProperties$FindExternProperties.class
./com/google/javascript/jscomp/VerboseMessageFormatter.class
./com/google/javascript/jscomp/RenameVars$1.class
./com/google/javascript/jscomp/AnalyzePrototypeProperties$1.class
./com/google/javascript/jscomp/ErrorManager.class
./com/google/javascript/jscomp/ConcreteType$ConcreteAll.class
./com/google/javascript/jscomp/DisambiguateProperties$JSTypeSystem.class
./com/google/javascript/jscomp/NodeIterators$LocalVarMotion.class
./com/google/javascript/jscomp/JSModuleGraph$1.class
./com/google/javascript/jscomp/FunctionTypeBuilder$FunctionContents.class
./com/google/javascript/jscomp/CodePrinter$MappedCodePrinter.class
./com/google/javascript/jscomp/DefaultPassConfig$77.class
./com/google/javascript/jscomp/VarCheck$NameRefInExternsCheck.class
./com/google/javascript/jscomp/CheckSuspiciousCode.class
./com/google/javascript/jscomp/JoinOp.class
./com/google/javascript/jscomp/DefaultPassConfig$37.class
./com/google/javascript/jscomp/NodeTraversal$AbstractShallowCallback.class
./com/google/javascript/jscomp/SourceFile$Preloaded.class
./com/google/javascript/jscomp/AstParallelizer$5.class
./com/google/javascript/jscomp/UseSite.class
./com/google/javascript/jscomp/ByPathWarningsGuard.class
./com/google/javascript/jscomp/SourceFile.class
./com/google/javascript/jscomp/CheckMissingReturn$2.class
./com/google/javascript/jscomp/CollapseVariableDeclarations$GatherCollapses.class
./com/google/javascript/jscomp/AbstractCommandLineRunner$RunTimeStats.class
./com/google/javascript/jscomp/CheckMissingGetCssName.class
./com/google/javascript/jscomp/AmbiguateProperties$PropertyGraph.class
./com/google/javascript/jscomp/MethodCompilerPass$SignatureStore.class
./com/google/javascript/jscomp/ExternExportsPass$Export.class
./com/google/javascript/jscomp/Instrumentation$1.class
./com/google/javascript/jscomp/AnalyzePrototypeProperties$GlobalFunction.class
./com/google/javascript/jscomp/NameAnalyzer$JsNameRefNode.class
./com/google/javascript/jscomp/RecordFunctionInformation.class
./com/google/javascript/jscomp/VarCheck$1.class
./com/google/javascript/jscomp/GatherSideEffectSubexpressionsCallback$SideEffectAccumulator.class
./com/google/javascript/jscomp/CompilerOptions$Reach.class
./com/google/javascript/jscomp/InlineFunctions.class
./com/google/javascript/jscomp/MakeDeclaredNamesUnique$Renamer.class
./com/google/javascript/jscomp/NodeUtil$NumbericResultPredicate.class
./com/google/javascript/jscomp/ControlStructureCheck.class
./com/google/javascript/jscomp/ExpressionDecomposer$1.class
./com/google/javascript/jscomp/PureFunctionIdentifier.class
./com/google/javascript/jscomp/ControlFlowAnalysis$AstControlFlowGraph$2.class
./com/google/javascript/jscomp/ShowByPathWarningsGuard.class
./com/google/javascript/jscomp/RenamePrototypes$ProcessProperties.class
./com/google/javascript/jscomp/AmbiguateProperties$JSTypeBitSet.class
./com/google/javascript/jscomp/SourceMap$Format$2.class
./com/google/javascript/jscomp/SymbolTable$3.class
./com/google/javascript/jscomp/InstrumentFunctions$InstrumentReturns.class
./com/google/javascript/jscomp/RenameProperties$ProcessExterns.class
./com/google/javascript/jscomp/DefaultPassConfig$68.class
./com/google/javascript/jscomp/TypeInferencePass$FirstScopeBuildingCallback.class
./com/google/javascript/jscomp/CheckSideEffects$StripProtection.class
./com/google/javascript/jscomp/GlobalVarReferenceMap$SourceRefRange.class
./com/google/javascript/jscomp/AbstractPeepholeOptimization.class
./com/google/javascript/jscomp/ExternExportsPass$1.class
./com/google/javascript/jscomp/ExpandJqueryAliases$FindCallbackArgumentReferences.class
./com/google/javascript/jscomp/NameAnonymousFunctionsMapped$MappedFunctionNamer.class
./com/google/javascript/jscomp/DefaultPassConfig$43.class
./com/google/javascript/jscomp/JsMessage$Hash.class
./com/google/javascript/jscomp/DisambiguateProperties$ConcreteTypeSystem.class
./com/google/javascript/jscomp/AbstractMessageFormatter$1.class
./com/google/javascript/jscomp/CallGraph$1.class
./com/google/javascript/jscomp/SourceFile$Builder.class
./com/google/javascript/jscomp/SourceAst.class
./com/google/javascript/jscomp/PeepholeOptimizationsPass.class
./com/google/javascript/jscomp/CleanupPasses$MemoizedScopeCleanupPass.class
./com/google/javascript/jscomp/InferJSDocInfo.class
./com/google/javascript/jscomp/GoogleJsMessageIdGenerator$MessageId.class
./com/google/javascript/jscomp/CodingConvention$SubclassType.class
./com/google/javascript/jscomp/FunctionRewriter$1.class
./com/google/javascript/jscomp/MethodCompilerPass.class
./com/google/javascript/jscomp/PeepholeCollectPropertyAssignments.class
./com/google/javascript/jscomp/TypeCheck.class
./com/google/javascript/jscomp/InlineProperties$GatherCandidates.class
./com/google/javascript/jscomp/SpecializeModule$NodeMatcher.class
./com/google/javascript/jscomp/ReplaceIdGenerators$NameSupplier.class
./com/google/javascript/jscomp/TightenTypes$ConcreteJSTypePair.class
./com/google/javascript/jscomp/GlobalNamespace$Ref$Type.class
./com/google/javascript/jscomp/NameAnonymousFunctions.class
./com/google/javascript/jscomp/Scope$Arguments.class
./com/google/javascript/jscomp/TypedScopeCreator$DeferredSetType.class
./com/google/javascript/jscomp/GlobalNamespace$Name$Type.class
./com/google/javascript/jscomp/ShowByPathWarningsGuard$ShowType.class
./com/google/javascript/jscomp/SourceMap$DetailLevel$2.class
./com/google/javascript/jscomp/DataFlowAnalysis$FlowState.class
./com/google/javascript/jscomp/FlowSensitiveInlineVariables$Candidate$3.class
./com/google/javascript/jscomp/TightenTypes$CreateScope.class
./com/google/javascript/jscomp/FlowSensitiveInlineVariables.class
./com/google/javascript/jscomp/RuntimeTypeCheck$AddChecks.class
./com/google/javascript/jscomp/SideEffectsAnalysis$1.class
./com/google/javascript/jscomp/InlineObjectLiterals$1.class
./com/google/javascript/jscomp/PerformanceTracker$1.class
./com/google/javascript/jscomp/FunctionInformationMap$Entry$Builder.class
./com/google/javascript/jscomp/FunctionInjector$Reference.class
./com/google/javascript/jscomp/RemoveUnusedVars$Assign.class
./com/google/javascript/jscomp/CompilerInput$1.class
./com/google/javascript/jscomp/PeepholeFoldWithTypes.class
./com/google/javascript/jscomp/JSModuleGraph.class
./com/google/javascript/jscomp/CompilerOptions$NullAliasTransformationHandler$NullAliasTransformation.class
./com/google/javascript/jscomp/TransformAMDToCJSModule.class
./com/google/javascript/jscomp/PassConfig$State.class
./com/google/javascript/jscomp/GlobalNamespace$1.class
./com/google/javascript/jscomp/Tracer$Event.class
./com/google/javascript/jscomp/ScopedAliases$Traversal.class
./com/google/javascript/jscomp/FlowSensitiveInlineVariables$Candidate.class
./com/google/javascript/jscomp/FunctionInformationMapOrBuilder.class
./com/google/javascript/jscomp/ProcessClosurePrimitives$UnrecognizedRequire.class
./com/google/javascript/jscomp/TypedScopeCreator$AbstractScopeBuilder.class
./com/google/javascript/jscomp/ReferenceCollectingCallback$BasicBlock.class
./com/google/javascript/jscomp/CodingConvention$ObjectLiteralCast.class
./com/google/javascript/jscomp/LineNumberCheck.class
./com/google/javascript/jscomp/AnalyzePrototypeProperties$SymbolType.class
./com/google/javascript/jscomp/NameAnalyzer.class
./com/google/javascript/jscomp/TightenTypes$Action.class
./com/google/javascript/jscomp/ShadowVariables$1.class
./com/google/javascript/jscomp/DefaultPassConfig$39.class
./com/google/javascript/jscomp/NameAnalyzer$ReferencePropagationCallback.class
./com/google/javascript/jscomp/FunctionNames.class
./com/google/javascript/jscomp/InlineVariables$IdentifyConstants.class
./com/google/javascript/jscomp/CodingConvention$AssertionFunctionSpec.class
./com/google/javascript/jscomp/InlineVariables$Mode.class
./com/google/javascript/jscomp/Normalize$FindExposeAnnotations.class
./com/google/javascript/jscomp/LiveVariablesAnalysis$1.class
./com/google/javascript/jscomp/DefaultPassConfig$14.class
./com/google/javascript/jscomp/InstrumentFunctions$InstrumentCallback.class
./com/google/javascript/jscomp/RenameProperties$PropertyAffinity.class
./com/google/javascript/jscomp/ExtractPrototypeMemberDeclarations$1.class
./com/google/javascript/jscomp/Denormalize.class
./com/google/javascript/jscomp/DefaultPassConfig$2.class
./com/google/javascript/jscomp/SimpleFunctionAliasAnalysis.class
./com/google/javascript/jscomp/ConcreteType$ConcreteInstanceType.class
./com/google/javascript/jscomp/DefaultPassConfig$18.class
./com/google/javascript/jscomp/DefaultPassConfig$32.class
./com/google/javascript/jscomp/InlineFunctions$FunctionExpression.class
./com/google/javascript/jscomp/CodePrinter$PrettyCodePrinter.class
./com/google/javascript/jscomp/PeepholeSubstituteAlternateSyntax$FoldArrayAction.class
./com/google/javascript/jscomp/ClosureRewriteClass.class
./com/google/javascript/jscomp/BasicErrorManager$LeveledJSErrorComparator.class
./com/google/javascript/jscomp/ExportTestFunctions.class
./com/google/javascript/jscomp/CreateSyntheticBlocks$1.class
./com/google/javascript/jscomp/DefinitionsRemover.class
./com/google/javascript/jscomp/NodeUtil.class
./com/google/javascript/jscomp/TightenTypes.class
./com/google/javascript/jscomp/SourceFile$Generator.class
./com/google/javascript/jscomp/AnonymousFunctionNamingPolicy.class
./com/google/javascript/jscomp/FunctionInformationMap$Entry.class
./com/google/javascript/jscomp/JsMessageVisitor$MalformedException.class
./com/google/javascript/jscomp/DefaultPassConfig$56.class
./com/google/javascript/jscomp/DefaultPassConfig$75.class
./com/google/javascript/jscomp/CssRenamingMap$ByWhole.class
./com/google/javascript/jscomp/BasicErrorManager$ErrorWithLevel.class
./com/google/javascript/jscomp/TypedScopeCreator$FirstOrderFunctionAnalyzer.class
./com/google/javascript/jscomp/AnalyzePrototypeProperties$LiteralProperty.class
./com/google/javascript/jscomp/AnalyzeNameReferences$NameInfo.class
./com/google/javascript/jscomp/OptimizeParameters.class
./com/google/javascript/jscomp/CombinedCompilerPass$1.class
./com/google/javascript/jscomp/DiagnosticGroups.class
./com/google/javascript/jscomp/RenameVars.class
./com/google/javascript/jscomp/SymbolTable$2.class
./com/google/javascript/jscomp/ReplaceMessagesForChrome.class
./com/google/javascript/jscomp/SideEffectsAnalysis$VisibilityLocationAbstraction$VisibilityBasedEffectLocation.class
./com/google/javascript/jscomp/AliasExternals.class
./com/google/javascript/jscomp/Tracer$ThreadTrace.class
./com/google/javascript/jscomp/ChainCalls$GatherCallSites.class
./com/google/javascript/jscomp/VariableReferenceCheck.class
./com/google/javascript/jscomp/ControlFlowAnalysis$AstControlFlowGraph.class
./com/google/javascript/jscomp/DefaultPassConfig$67.class
./com/google/javascript/jscomp/NodeUtil$VarCollector.class
./com/google/javascript/jscomp/TypedScopeCreator.class
./com/google/javascript/jscomp/CodePrinter$Builder.class
./com/google/javascript/jscomp/Normalize$PropagateConstantAnnotationsOverVars.class
./com/google/javascript/jscomp/SymbolTable$PropertyRefCollector.class
./com/google/javascript/jscomp/FunctionInjector$3.class
./com/google/javascript/jscomp/VariableNameGenerator.class
./com/google/javascript/jscomp/GlobalNamespace$NodeFilter.class
./com/google/javascript/jscomp/ExtractPrototypeMemberDeclarations$GatherExtractionInfo.class
./com/google/javascript/jscomp/AmbiguateProperties$PropertySubGraph.class
./com/google/javascript/jscomp/RenameLabels$DefaultNameSupplier.class
./com/google/javascript/jscomp/NodeNameExtractor.class
./com/google/javascript/jscomp/InlineFunctions$FindCandidatesReferences.class
./com/google/javascript/jscomp/SourceMap$DetailLevel$1.class
./com/google/javascript/jscomp/DefaultPassConfig$102$1.class
./com/google/javascript/jscomp/SourceMap$LocationMapping.class
./com/google/javascript/jscomp/DefaultPassConfig$6.class
./com/google/javascript/jscomp/LinkedFlowScope$FlowScopeJoinOp.class
./com/google/javascript/jscomp/Compiler$2.class
./com/google/javascript/jscomp/TypedScopeCreator$GlobalScopeBuilder.class
./com/google/javascript/jscomp/ClosureCodeRemoval$FindAbstractMethods.class
./com/google/javascript/jscomp/EmptyMessageBundle.class
./com/google/javascript/jscomp/HotSwapCompilerPass.class
./com/google/javascript/jscomp/ProcessDefines$DefineInfo.class
./com/google/javascript/jscomp/AliasKeywords$VoidKeywordAliasSpecification.class
./com/google/javascript/jscomp/AstParallelizer$6.class
./com/google/javascript/jscomp/RescopeGlobalSymbols$MakeExternsReferenceWindowExplicitly.class
./com/google/javascript/jscomp/graph/GraphvizGraph$GraphvizNode.class
./com/google/javascript/jscomp/graph/GraphColoring.class
./com/google/javascript/jscomp/graph/UnionFind.class
./com/google/javascript/jscomp/graph/Graph$GraphAnnotationState.class
./com/google/javascript/jscomp/graph/Graph.class
./com/google/javascript/jscomp/graph/LinkedDirectedGraph$LinkedDirectedGraphNode.class
./com/google/javascript/jscomp/graph/StandardUnionFind.class
./com/google/javascript/jscomp/graph/Graph$SimpleSubGraph.class
./com/google/javascript/jscomp/graph/GraphReachability.class
./com/google/javascript/jscomp/graph/Graph$GraphEdge.class
./com/google/javascript/jscomp/graph/AdjacencyGraph.class
./com/google/javascript/jscomp/graph/SubGraph.class
./com/google/javascript/jscomp/graph/LinkedUndirectedGraph$AnnotatedLinkedUndirectedGraphEdge.class
./com/google/javascript/jscomp/graph/GraphReachability$1.class
./com/google/javascript/jscomp/graph/UndiGraph$UndiGraphEdge.class
./com/google/javascript/jscomp/graph/GraphvizGraph$GraphvizEdge.class
./com/google/javascript/jscomp/graph/FixedPointGraphTraversal.class
./com/google/javascript/jscomp/graph/LinkedUndirectedGraph$LinkedUndirectedGraphNode.class
./com/google/javascript/jscomp/graph/LinkedDirectedGraph$AnnotatedLinkedDirectedGraphNode.class
./com/google/javascript/jscomp/graph/LinkedUndirectedGraph$LinkedUndirectedGraphEdge.class
./com/google/javascript/jscomp/graph/DiGraph.class
./com/google/javascript/jscomp/graph/DiGraph$DiGraphEdge.class
./com/google/javascript/jscomp/graph/LinkedDirectedGraph$LinkedDirectedGraphNode$NeighborIterator.class
./com/google/javascript/jscomp/graph/LinkedUndirectedGraph$LinkedUndirectedGraphNode$NeighborIterator.class
./com/google/javascript/jscomp/graph/GraphPruner.class
./com/google/javascript/jscomp/graph/StandardUnionFind$1.class
./com/google/javascript/jscomp/graph/LinkedDirectedGraph$1.class
./com/google/javascript/jscomp/graph/StandardUnionFind$2.class
./com/google/javascript/jscomp/graph/FixedPointGraphTraversal$EdgeCallback.class
./com/google/javascript/jscomp/graph/GraphvizGraph.class
./com/google/javascript/jscomp/graph/Graph$AnnotationState.class
./com/google/javascript/jscomp/graph/LinkedDirectedGraph$AnnotatedLinkedDirectedGraphEdge.class
./com/google/javascript/jscomp/graph/UndiGraph.class
./com/google/javascript/jscomp/graph/GraphColoring$GreedyGraphColoring$1.class
./com/google/javascript/jscomp/graph/LinkedUndirectedGraph.class
./com/google/javascript/jscomp/graph/LinkedUndirectedGraph$AnnotatedLinkedUndirectedGraphNode.class
./com/google/javascript/jscomp/graph/LinkedUndirectedGraph$1.class
./com/google/javascript/jscomp/graph/UndiGraph$UndiGraphNode.class
./com/google/javascript/jscomp/graph/StandardUnionFind$Node.class
./com/google/javascript/jscomp/graph/LinkedDirectedGraph$LinkedDirectedGraphEdge.class
./com/google/javascript/jscomp/graph/LatticeElement.class
./com/google/javascript/jscomp/graph/GraphNode.class
./com/google/javascript/jscomp/graph/Annotatable.class
./com/google/javascript/jscomp/graph/LinkedDirectedGraph.class
./com/google/javascript/jscomp/graph/DiGraph$DiGraphNode.class
./com/google/javascript/jscomp/graph/GraphColoring$GreedyGraphColoring.class
./com/google/javascript/jscomp/graph/GraphReachability$EdgeTuple.class
./com/google/javascript/jscomp/graph/GraphColoring$Color.class
./com/google/javascript/jscomp/graph/Annotation.class
./com/google/javascript/jscomp/CallGraph$2.class
./com/google/javascript/jscomp/ExtractPrototypeMemberDeclarations$PrototypeMemberDeclaration.class
./com/google/javascript/jscomp/StripCode$1.class
./com/google/javascript/jscomp/AstValidator$ViolationHandler.class
./com/google/javascript/jscomp/ExpressionDecomposer.class
./com/google/javascript/jscomp/WhitelistWarningsGuard$WhitelistBuilder.class
./com/google/javascript/jscomp/Scope$1.class
./com/google/javascript/jscomp/InstrumentationOrBuilder.class
./com/google/javascript/jscomp/DefaultPassConfig$29$1.class
./com/google/javascript/jscomp/ProcessTweaks.class
./com/google/javascript/jscomp/CheckUnreachableCode$ReachablePredicate.class
./com/google/javascript/jscomp/LinkedFlowScope$FlatFlowScopeCache.class
./com/google/javascript/jscomp/ExternExportsPass$SymbolExport.class
./com/google/javascript/jscomp/ScopedAliases$AliasUsage.class
./com/google/javascript/jscomp/PrepareAst.class
./com/google/javascript/jscomp/CodeChangeHandler.class
./com/google/javascript/jscomp/AstChangeProxy.class
./com/google/javascript/jscomp/ScopedAliases$Traversal$1.class
./com/google/javascript/jscomp/CollapseVariableDeclarations.class
./com/google/javascript/jscomp/SideEffectsAnalysis$EffectLocation.class
./com/google/javascript/jscomp/RemoveTryCatch$RemoveTryCatchCode.class
./com/google/javascript/jscomp/RescopeGlobalSymbols$1.class
./com/google/javascript/jscomp/InlineVariables$1.class
./com/google/javascript/jscomp/NameReferenceGraphConstruction$1.class
./com/google/javascript/jscomp/TightenTypes$FunctionCall.class
./com/google/javascript/jscomp/Compiler$CodeBuilder.class
./com/google/javascript/jscomp/CollapseVariableDeclarations$Collapse.class
./com/google/javascript/jscomp/InlineObjectLiterals.class
./com/google/javascript/jscomp/NameReferenceGraph$Reference.class
./com/google/javascript/jscomp/FindExportableNodes.class
./com/google/javascript/jscomp/CheckRequiresForConstructors$CheckRequiresForConstructorsCallback.class
./com/google/javascript/jscomp/CreateSyntheticBlocks$Marker.class
./com/google/javascript/jscomp/DefaultPassConfig$28$1.class
./com/google/javascript/jscomp/RenamePrototypes$ProcessExternedProperties.class
./com/google/javascript/jscomp/ExportTestFunctions$ExportTestFunctionsNodes.class
./com/google/javascript/jscomp/SourceExcerptProvider$ExcerptFormatter.class
./com/google/javascript/jscomp/DisambiguateProperties$Warnings.class
./com/google/javascript/jscomp/MoveFunctionDeclarations.class
./com/google/javascript/jscomp/CodeChangeHandler$ForbiddenChange.class
./com/google/javascript/jscomp/SourceExcerptProvider$SourceExcerpt$1.class
./com/google/javascript/jscomp/AnalyzePrototypeProperties.class
./com/google/javascript/jscomp/TypedCodeGenerator.class
./com/google/javascript/jscomp/RhinoErrorReporter$NewRhinoErrorReporter.class
./com/google/javascript/jscomp/DefinitionsRemover$FunctionArgumentDefinition.class
./com/google/javascript/jscomp/ScopedAliases$AliasedNode.class
./com/google/javascript/jscomp/CheckUnreachableCode$1.class
./com/google/javascript/jscomp/AmbiguateProperties$Property.class
./com/google/javascript/jscomp/CheckMissingReturn$1.class
./com/google/javascript/jscomp/DefaultPassConfig$47.class
./com/google/javascript/jscomp/RhinoErrorReporter.class
./com/google/javascript/jscomp/ReplaceStrings$1.class
./com/google/javascript/jscomp/CoalesceVariableNames$LiveRangeChecker.class
./com/google/javascript/jscomp/TypeInferencePass$SecondScopeBuildingCallback.class
./com/google/javascript/jscomp/ConcreteType$3.class
./com/google/javascript/jscomp/TypedScopeCreator$DiscoverEnumsAndTypedefs.class
./com/google/javascript/jscomp/InlineCostEstimator$CompiledSizeEstimator.class
./com/google/javascript/jscomp/PureFunctionIdentifier$1.class
./com/google/javascript/jscomp/Normalize$RewriteExposedProperties.class
./com/google/javascript/jscomp/InlineSimpleMethods.class
./com/google/javascript/jscomp/JSModule.class
./com/google/javascript/jscomp/ErrorHandler.class
./com/google/javascript/jscomp/DefaultPassConfig$13.class
./com/google/javascript/jscomp/ConcreteType$ConcreteUnionType.class
./com/google/javascript/jscomp/DefaultPassConfig$97.class
./com/google/javascript/jscomp/Tracer$Stat.class
./com/google/javascript/jscomp/CompilerOptions$AliasTransformationHandler.class
./com/google/javascript/jscomp/DefaultPassConfig$12.class
./com/google/javascript/jscomp/DefaultPassConfig$32$1.class
./com/google/javascript/jscomp/MakeDeclaredNamesUnique$1.class
./com/google/javascript/jscomp/InlineFunctions$FunctionState.class
./com/google/javascript/jscomp/MessageBundle.class
./com/google/javascript/jscomp/FunctionArgumentInjector.class
./com/google/javascript/jscomp/CodePrinter$Format.class
./com/google/javascript/jscomp/FunctionToBlockMutator.class
./com/google/javascript/jscomp/RemoveUnusedNames.class
./com/google/javascript/jscomp/ProcessCommonJSModules$1.class
./com/google/javascript/jscomp/ReorderConstantExpression.class
./com/google/javascript/jscomp/PerformanceTracker.class
./com/google/javascript/jscomp/DefaultPassConfig$16.class
./com/google/javascript/jscomp/ProcessCommonJSModules$ProcessCommonJsModulesCallback.class
./com/google/javascript/jscomp/ControlFlowGraph$Branch.class
./com/google/javascript/jscomp/RemoveUnusedClassProperties.class
./com/google/javascript/jscomp/SourceFile$OnDisk.class
./com/google/javascript/jscomp/CollapseProperties.class
./com/google/javascript/jscomp/RemoveTryCatch.class
./com/google/javascript/jscomp/AliasStrings.class
./com/google/javascript/jscomp/PureFunctionIdentifier$FunctionInformation.class
./com/google/javascript/jscomp/ShadowVariables$DoShadowVariables.class
./com/google/javascript/jscomp/CheckPathsBetweenNodes$2.class
./com/google/javascript/jscomp/DefaultPassConfig$101$1.class
./com/google/javascript/jscomp/DefaultPassConfig$84.class
./com/google/javascript/jscomp/DataFlowAnalysis.class
./com/google/javascript/jscomp/MemoizedScopeCreator.class
./com/google/javascript/jscomp/TypeValidator.class
./com/google/javascript/jscomp/NameReferenceGraphReport$DiGraphNodeComparator.class
./com/google/javascript/jscomp/ConcreteType$2.class
./com/google/javascript/jscomp/JsMessageDefinition.class
./com/google/javascript/jscomp/ProcessClosurePrimitives$ProvidedName.class
./com/google/javascript/jscomp/NodeTraversal$Callback.class
./com/google/javascript/jscomp/ExternExportsPass$PropertyExport.class
./com/google/javascript/jscomp/NameAnonymousFunctionsMapped.class
./com/google/javascript/jscomp/DefaultPassConfig$24.class
./com/google/javascript/jscomp/CommandLineRunner$Flags.class
./com/google/javascript/jscomp/DefaultPassConfig$69.class
./com/google/javascript/jscomp/SimpleDefinitionFinder$DefinitionGatheringCallback.class
./com/google/javascript/jscomp/AbstractMessageFormatter.class
./com/google/javascript/jscomp/CommandLineRunner$FormattingOption.class
./com/google/javascript/jscomp/NameAnalyzer$ProcessExternals.class
./com/google/javascript/jscomp/AbstractCommandLineRunner$CommandLineConfig.class
./com/google/javascript/jscomp/ExternExportsPass.class
./com/google/javascript/jscomp/RhinoErrorReporter$OldRhinoErrorReporter.class
./com/google/javascript/jscomp/DefaultPassConfig$103.class
./com/google/javascript/jscomp/DefaultPassConfig$20.class
./com/google/javascript/jscomp/ProcessTweaks$TweakFunctionCall.class
./com/google/javascript/jscomp/ErrorFormat$4.class
./com/google/javascript/jscomp/AbstractCommandLineRunner$FlagUsageException.class
./com/google/javascript/jscomp/JSError.class
./com/google/javascript/jscomp/ExploitAssigns.class
./com/google/javascript/jscomp/Compiler$1.class
./com/google/javascript/jscomp/NodeTraversal$AbstractNodeTypePruningCallback.class
./com/google/javascript/jscomp/CompilerOptions$1.class
./com/google/javascript/jscomp/MinimizeExitPoints.class
./com/google/javascript/jscomp/Instrumentation$Builder.class
./com/google/javascript/jscomp/Normalize$1.class
./com/google/javascript/jscomp/Compiler.class
./com/google/javascript/jscomp/Compiler$11.class
./com/google/javascript/jscomp/ErrorFormat$2.class
./com/google/javascript/jscomp/AstChangeProxy$ChangeListener.class
./com/google/javascript/jscomp/ExportTestFunctions$1.class
./com/google/javascript/jscomp/StripCode.class
./com/google/javascript/jscomp/SourceInformationAnnotator.class
./com/google/javascript/jscomp/InlineFunctions$Reference.class
./com/google/javascript/jscomp/DefaultPassConfig$55.class
./com/google/javascript/jscomp/SideEffectsAnalysis$VisibilityLocationAbstraction$1.class
./com/google/javascript/jscomp/NameAnalyzer$RefType.class
./com/google/javascript/jscomp/Tracer.class
./com/google/javascript/jscomp/SymbolTable$Reference.class
./com/google/javascript/jscomp/AliasExternals$GetAliasableNames.class
./com/google/javascript/jscomp/JsMessage$PlaceholderReference.class
./com/google/javascript/jscomp/VariableReferenceCheck$ReferenceCheckingBehavior.class
./com/google/javascript/jscomp/NodeUtil$BooleanResultPredicate.class
./com/google/javascript/jscomp/DataFlowAnalysis$MaxIterationsExceededException.class
./com/google/javascript/jscomp/FunctionTypeBuilder$AstFunctionContents.class
./com/google/javascript/jscomp/Strings.class
./com/google/javascript/jscomp/SourceMap$DetailLevel.class
./com/google/javascript/jscomp/AnalyzePrototypeProperties$Symbol.class
./com/google/javascript/jscomp/DisambiguateProperties$1.class
./com/google/javascript/jscomp/PropertyRenamingPolicy.class
./com/google/javascript/jscomp/CommandLineRunner$1.class
./com/google/javascript/jscomp/ExpandJqueryAliases.class
./com/google/javascript/jscomp/ReplaceCssNames.class
./com/google/javascript/jscomp/NameAnalyzer$InstanceOfCheckNode.class
./com/google/javascript/jscomp/FieldCleanupPass$QualifiedNameSearchTraversal.class
./com/google/javascript/jscomp/DefaultPassConfig$10.class
./com/google/javascript/jscomp/InlineVariables$IdentifyLocals.class
./com/google/javascript/jscomp/StrictModeCheck.class
./com/google/javascript/jscomp/RenameVars$Assignment.class
./com/google/javascript/jscomp/MethodCompilerPass$1.class
./com/google/javascript/jscomp/Normalize$NormalizeStatements.class
./com/google/javascript/jscomp/MethodCompilerPass$GatherSignatures.class
./com/google/javascript/jscomp/ControlFlowGraph$AbstractCfgNodeTraversalCallback.class
./com/google/javascript/jscomp/Instrumentation.class
./com/google/javascript/jscomp/OptimizeReturns$1.class
./com/google/javascript/jscomp/ScopedAliases$1.class
./com/google/javascript/jscomp/NodeTraversal$ScopedCallback.class
./com/google/javascript/jscomp/CommandLineRunner$Flags$WarningGuardErrorOptionHandler.class
./com/google/javascript/jscomp/CreateSyntheticBlocks.class
./com/google/javascript/jscomp/SideEffectsAnalysis$LocationAbstractionMode.class
./com/google/javascript/rhino/JSDocInfo$1.class
./com/google/javascript/rhino/SimpleErrorReporter.class
./com/google/javascript/rhino/Node$AbstractPropListItem.class
./com/google/javascript/rhino/Node$IntPropListItem.class
./com/google/javascript/rhino/Node.class
./com/google/javascript/rhino/IR.class
./com/google/javascript/rhino/JSDocInfo$TrimmedStringPosition.class
./com/google/javascript/rhino/TokenStream.class
./com/google/javascript/rhino/JSDocInfo$LazilyInitializedInfo.class
./com/google/javascript/rhino/Node$NumberNode.class
./com/google/javascript/rhino/jstype/ObjectType.class
./com/google/javascript/rhino/jstype/ModificationVisitor.class
./com/google/javascript/rhino/jstype/NamedType$1.class
./com/google/javascript/rhino/jstype/JSTypeRegistry$ResolveMode.class
./com/google/javascript/rhino/jstype/BooleanLiteralSet.class
./com/google/javascript/rhino/jstype/EnumElementType.class
./com/google/javascript/rhino/jstype/IndexedType.class
./com/google/javascript/rhino/jstype/ValueType.class
./com/google/javascript/rhino/jstype/UnionTypeBuilder.class
./com/google/javascript/rhino/jstype/InstanceObjectType.class
./com/google/javascript/rhino/jstype/ArrowType.class
./com/google/javascript/rhino/jstype/UnresolvedTypeExpression.class
./com/google/javascript/rhino/jstype/StaticScope.class
./com/google/javascript/rhino/jstype/FunctionType$Kind.class
./com/google/javascript/rhino/jstype/PropertyMap.class
./com/google/javascript/rhino/jstype/JSTypeRegistry$1.class
./com/google/javascript/rhino/jstype/Property.class
./com/google/javascript/rhino/jstype/ParameterizedType.class
./com/google/javascript/rhino/jstype/ProxyObjectType.class
./com/google/javascript/rhino/jstype/FunctionParamBuilder.class
./com/google/javascript/rhino/jstype/NoResolvedType.class
./com/google/javascript/rhino/jstype/FunctionType$PropAccess.class
./com/google/javascript/rhino/jstype/UnknownType.class
./com/google/javascript/rhino/jstype/StringType.class
./com/google/javascript/rhino/jstype/StaticSymbolTable.class
./com/google/javascript/rhino/jstype/SimpleSourceFile.class
./com/google/javascript/rhino/jstype/JSType$2.class
./com/google/javascript/rhino/jstype/RelationshipVisitor.class
./com/google/javascript/rhino/jstype/FunctionType.class
./com/google/javascript/rhino/jstype/RecordTypeBuilder$RecordProperty.class
./com/google/javascript/rhino/jstype/StaticSlot.class
./com/google/javascript/rhino/jstype/TernaryValue.class
./com/google/javascript/rhino/jstype/PrototypeObjectType.class
./com/google/javascript/rhino/jstype/JSType$TypePair.class
./com/google/javascript/rhino/jstype/NamedType.class
./com/google/javascript/rhino/jstype/NamedType$PropertyContinuation.class
./com/google/javascript/rhino/jstype/VoidType.class
./com/google/javascript/rhino/jstype/JSTypeNative.class
./com/google/javascript/rhino/jstype/Visitor.class
./com/google/javascript/rhino/jstype/TernaryValue$2.class
./com/google/javascript/rhino/jstype/CanCastToVisitor.class
./com/google/javascript/rhino/jstype/StaticReference.class
./com/google/javascript/rhino/jstype/EnumType.class
./com/google/javascript/rhino/jstype/JSTypeRegistry.class
./com/google/javascript/rhino/jstype/JSType.class
./com/google/javascript/rhino/jstype/TernaryValue$3.class
./com/google/javascript/rhino/jstype/AllType.class
./com/google/javascript/rhino/jstype/JSType$1.class
./com/google/javascript/rhino/jstype/NoObjectType.class
./com/google/javascript/rhino/jstype/UnionType.class
./com/google/javascript/rhino/jstype/RecordTypeBuilder.class
./com/google/javascript/rhino/jstype/SimpleSlot.class
./com/google/javascript/rhino/jstype/FunctionBuilder.class
./com/google/javascript/rhino/jstype/StaticSourceFile.class
./com/google/javascript/rhino/jstype/NoType.class
./com/google/javascript/rhino/jstype/TernaryValue$1.class
./com/google/javascript/rhino/jstype/EquivalenceMethod.class
./com/google/javascript/rhino/jstype/BooleanType.class
./com/google/javascript/rhino/jstype/NullType.class
./com/google/javascript/rhino/jstype/RecordType.class
./com/google/javascript/rhino/jstype/ErrorFunctionType.class
./com/google/javascript/rhino/jstype/PropertyMap$1.class
./com/google/javascript/rhino/jstype/NumberType.class
./com/google/javascript/rhino/jstype/SimpleReference.class
./com/google/javascript/rhino/jstype/TemplateType.class
./com/google/javascript/rhino/ScriptRuntime.class
./com/google/javascript/rhino/Node$StringNode.class
./com/google/javascript/rhino/Token.class
./com/google/javascript/rhino/JSDocInfo$TypePosition.class
./com/google/javascript/rhino/Node$PropListItem.class
./com/google/javascript/rhino/JSDocInfo$LazilyInitializedDocumentation.class
./com/google/javascript/rhino/InputId.class
./com/google/javascript/rhino/Node$SiblingNodeIterable.class
./com/google/javascript/rhino/JSDocInfo$Visibility.class
./com/google/javascript/rhino/Node$AncestorIterable.class
./com/google/javascript/rhino/SourcePosition.class
./com/google/javascript/rhino/Node$SideEffectFlags.class
./com/google/javascript/rhino/JSDocInfo$NamePosition.class
./com/google/javascript/rhino/JSDocInfo$Marker.class
./com/google/javascript/rhino/JSDocInfo$StringPosition.class
./com/google/javascript/rhino/Node$ObjectPropListItem.class
./com/google/javascript/rhino/JSDocInfoBuilder.class
./com/google/javascript/rhino/Node$AncestorIterable$1.class
./com/google/javascript/rhino/Node$NodeMismatch.class
./com/google/javascript/rhino/JSTypeExpression.class
./com/google/javascript/rhino/JSDocInfo.class
./com/google/javascript/rhino/ErrorReporter.class
./com/google/javascript/rhino/Node$FileLevelJsDocBuilder.class
