./org/mockito/MockSettings.class
./org/mockito/ArgumentMatcher.class
./org/mockito/BDDMockito$ThenImpl.class
./org/mockito/Spy.class
./org/mockito/BDDMockito.class
./org/mockito/AdditionalMatchers.class
./org/mockito/junit/MockitoJUnit.class
./org/mockito/junit/MockitoRule.class
./org/mockito/junit/MockitoJUnitRule.class
./org/mockito/MockingDetails.class
./org/mockito/mock/SerializableMode.class
./org/mockito/mock/MockName.class
./org/mockito/mock/MockCreationSettings.class
./org/mockito/exceptions/Pluralizer.class
./org/mockito/exceptions/stacktrace/StackTraceCleaner.class
./org/mockito/exceptions/misusing/CannotVerifyStubOnlyMock.class
./org/mockito/exceptions/misusing/MockitoConfigurationException.class
./org/mockito/exceptions/misusing/CannotStubVoidMethodWithReturnValue.class
./org/mockito/exceptions/misusing/InvalidUseOfMatchersException.class
./org/mockito/exceptions/misusing/MissingMethodInvocationException.class
./org/mockito/exceptions/misusing/UnfinishedStubbingException.class
./org/mockito/exceptions/misusing/FriendlyReminderException.class
./org/mockito/exceptions/misusing/NullInsteadOfMockException.class
./org/mockito/exceptions/misusing/UnfinishedVerificationException.class
./org/mockito/exceptions/misusing/NotAMockException.class
./org/mockito/exceptions/misusing/WrongTypeOfReturnValue.class
./org/mockito/exceptions/PrintableInvocation.class
./org/mockito/exceptions/Reporter.class
./org/mockito/exceptions/base/MockitoSerializationIssue.class
./org/mockito/exceptions/base/MockitoException.class
./org/mockito/exceptions/base/MockitoAssertionError.class
./org/mockito/exceptions/verification/WantedButNotInvoked.class
./org/mockito/exceptions/verification/ArgumentsAreDifferent.class
./org/mockito/exceptions/verification/junit/ArgumentsAreDifferent.class
./org/mockito/exceptions/verification/junit/JUnitTool.class
./org/mockito/exceptions/verification/TooLittleActualInvocations.class
./org/mockito/exceptions/verification/NoInteractionsWanted.class
./org/mockito/exceptions/verification/TooManyActualInvocations.class
./org/mockito/exceptions/verification/NeverWantedButInvoked.class
./org/mockito/exceptions/verification/SmartNullPointerException.class
./org/mockito/exceptions/verification/VerificationInOrderFailure.class
./org/mockito/exceptions/Discrepancy.class
./org/mockito/stubbing/VoidMethodStubbable.class
./org/mockito/stubbing/Stubber.class
./org/mockito/stubbing/Answer.class
./org/mockito/stubbing/answers/ReturnsElementsOf.class
./org/mockito/stubbing/OngoingStubbing.class
./org/mockito/stubbing/DeprecatedOngoingStubbing.class
./org/mockito/MockitoAnnotations.class
./org/mockito/Mock.class
./org/mockito/listeners/MethodInvocationReport.class
./org/mockito/listeners/InvocationListener.class
./org/mockito/Incubating.class
./org/mockito/BDDMockito$BDDStubberImpl.class
./org/mockito/Matchers.class
./org/mockito/BDDMockito$BDDStubber.class
./org/mockito/Answers.class
./org/mockito/plugins/StackTraceCleanerProvider.class
./org/mockito/plugins/MockMaker.class
./org/mockito/plugins/PluginSwitch.class
./org/mockito/InjectMocks.class
./org/mockito/InOrder.class
./org/mockito/BDDMockito$Then.class
./org/mockito/MockitoDebugger.class
./org/mockito/BDDMockito$BDDOngoingStubbingImpl.class
./org/mockito/internal/debugging/LoggingListener.class
./org/mockito/internal/debugging/WarningsFinder.class
./org/mockito/internal/debugging/LocationImpl.class
./org/mockito/internal/debugging/MockitoDebuggerImpl.class
./org/mockito/internal/debugging/Localized.class
./org/mockito/internal/debugging/FindingsListener.class
./org/mockito/internal/debugging/VerboseMockInvocationLogger.class
./org/mockito/internal/debugging/WarningsCollector.class
./org/mockito/internal/debugging/WarningsPrinterImpl.class
./org/mockito/internal/junit/JUnitDetecter.class
./org/mockito/internal/junit/JUnitTool.class
./org/mockito/internal/junit/JUnitRule$1.class
./org/mockito/internal/junit/FriendlyExceptionMaker.class
./org/mockito/internal/junit/JUnitRule.class
./org/mockito/internal/creation/settings/CreationSettings.class
./org/mockito/internal/creation/bytebuddy/MockMethodInterceptor$ForWriteReplace.class
./org/mockito/internal/creation/bytebuddy/ByteBuddyCrossClassLoaderSerializationSupport$MockitoMockObjectInputStream.class
./org/mockito/internal/creation/bytebuddy/CachingMockBytecodeGenerator$CachedBytecodeGenerator$MockKey.class
./org/mockito/internal/creation/bytebuddy/ByteBuddyCrossClassLoaderSerializationSupport$CrossClassLoaderSerializableMock.class
./org/mockito/internal/creation/bytebuddy/MockMethodInterceptor$MockAccess.class
./org/mockito/internal/creation/bytebuddy/InterceptedInvocation$SuperMethod$FromCallable.class
./org/mockito/internal/creation/bytebuddy/InterceptedInvocation.class
./org/mockito/internal/creation/bytebuddy/ByteBuddyMockMaker.class
./org/mockito/internal/creation/bytebuddy/ByteBuddyCrossClassLoaderSerializationSupport.class
./org/mockito/internal/creation/bytebuddy/CachingMockBytecodeGenerator.class
./org/mockito/internal/creation/bytebuddy/InterceptedInvocation$SuperMethod.class
./org/mockito/internal/creation/bytebuddy/MockMethodInterceptor$ForEquals.class
./org/mockito/internal/creation/bytebuddy/InterceptedInvocation$SuperMethod$IsIllegal.class
./org/mockito/internal/creation/bytebuddy/CachingMockBytecodeGenerator$1.class
./org/mockito/internal/creation/bytebuddy/MockFeatures.class
./org/mockito/internal/creation/bytebuddy/CachingMockBytecodeGenerator$CachedBytecodeGenerator.class
./org/mockito/internal/creation/bytebuddy/ByteBuddyCrossClassLoaderSerializationSupport$MockitoMockObjectOutputStream.class
./org/mockito/internal/creation/bytebuddy/MockMethodInterceptor.class
./org/mockito/internal/creation/bytebuddy/MockMethodInterceptor$ForHashCode.class
./org/mockito/internal/creation/bytebuddy/MockBytecodeGenerator.class
./org/mockito/internal/creation/bytebuddy/ByteBuddyCrossClassLoaderSerializationSupport$CrossClassLoaderSerializationProxy.class
./org/mockito/internal/creation/MockSettingsImpl.class
./org/mockito/internal/creation/instance/Instantiator.class
./org/mockito/internal/creation/instance/InstantiationException.class
./org/mockito/internal/creation/instance/ObjenesisInstantiator.class
./org/mockito/internal/creation/instance/ConstructorInstantiator.class
./org/mockito/internal/creation/instance/InstantiatorProvider.class
./org/mockito/internal/creation/DelegatingMethod.class
./org/mockito/internal/creation/util/MockitoMethodProxy.class
./org/mockito/internal/creation/util/SearchingClassLoader.class
./org/mockito/internal/reporting/Pluralizer.class
./org/mockito/internal/reporting/PrintSettings.class
./org/mockito/internal/reporting/SmartPrinter.class
./org/mockito/internal/reporting/Discrepancy.class
./org/mockito/internal/exceptions/stacktrace/ConditionalStackTraceFilter.class
./org/mockito/internal/exceptions/stacktrace/DefaultStackTraceCleaner.class
./org/mockito/internal/exceptions/stacktrace/StackTraceFilter.class
./org/mockito/internal/exceptions/stacktrace/DefaultStackTraceCleanerProvider.class
./org/mockito/internal/exceptions/MockitoLimitations.class
./org/mockito/internal/exceptions/ExceptionIncludingMockitoWarnings.class
./org/mockito/internal/exceptions/VerificationAwareInvocation.class
./org/mockito/internal/exceptions/util/ScenarioPrinter.class
./org/mockito/internal/stubbing/InvocationContainer.class
./org/mockito/internal/stubbing/defaultanswers/ReturnsEmptyValues.class
./org/mockito/internal/stubbing/defaultanswers/ReturnsDeepStubs$ReturnsDeepStubsSerializationFallback.class
./org/mockito/internal/stubbing/defaultanswers/ReturnsDeepStubs$LazyHolder.class
./org/mockito/internal/stubbing/defaultanswers/ReturnsMoreEmptyValues.class
./org/mockito/internal/stubbing/defaultanswers/ReturnsDeepStubs$DeeplyStubbedAnswer.class
./org/mockito/internal/stubbing/defaultanswers/ReturnsDeepStubs.class
./org/mockito/internal/stubbing/defaultanswers/Answers.class
./org/mockito/internal/stubbing/defaultanswers/GloballyConfiguredAnswer.class
./org/mockito/internal/stubbing/defaultanswers/ReturnsSmartNulls.class
./org/mockito/internal/stubbing/defaultanswers/ReturnsSmartNulls$ThrowsSmartNullPointer.class
./org/mockito/internal/stubbing/defaultanswers/ForwardsInvocations.class
./org/mockito/internal/stubbing/defaultanswers/ReturnsMocks.class
./org/mockito/internal/stubbing/ConsecutiveStubbing.class
./org/mockito/internal/stubbing/StubberImpl.class
./org/mockito/internal/stubbing/answers/ReturnsArgumentAt.class
./org/mockito/internal/stubbing/answers/AnswerReturnValuesAdapter.class
./org/mockito/internal/stubbing/answers/CallsRealMethods.class
./org/mockito/internal/stubbing/answers/ClonesArguments.class
./org/mockito/internal/stubbing/answers/ReturnsElementsOf.class
./org/mockito/internal/stubbing/answers/ThrowsException.class
./org/mockito/internal/stubbing/answers/DoesNothing.class
./org/mockito/internal/stubbing/answers/ThrowsExceptionClass.class
./org/mockito/internal/stubbing/answers/MethodInfo.class
./org/mockito/internal/stubbing/answers/AnswersValidator.class
./org/mockito/internal/stubbing/answers/Returns.class
./org/mockito/internal/stubbing/StubbedInvocationMatcher.class
./org/mockito/internal/stubbing/VoidMethodStubbableImpl.class
./org/mockito/internal/stubbing/OngoingStubbingImpl.class
./org/mockito/internal/stubbing/BaseStubbing.class
./org/mockito/internal/stubbing/InvocationContainerImpl.class
./org/mockito/internal/listeners/CollectCreatedMocks.class
./org/mockito/internal/listeners/NotifiedMethodInvocationReport.class
./org/mockito/internal/listeners/MockingStartedListener.class
./org/mockito/internal/listeners/MockingProgressListener.class
./org/mockito/internal/handler/MockHandlerFactory.class
./org/mockito/internal/handler/MockHandlerImpl.class
./org/mockito/internal/handler/InvocationNotifierHandler.class
./org/mockito/internal/handler/NullResultGuardian.class
./org/mockito/internal/InternalMockHandler.class
./org/mockito/internal/MockitoCore.class
./org/mockito/internal/matchers/CapturesArguments.class
./org/mockito/internal/matchers/ContainsExtraTypeInformation.class
./org/mockito/internal/matchers/CompareTo.class
./org/mockito/internal/matchers/Matches.class
./org/mockito/internal/matchers/Contains.class
./org/mockito/internal/matchers/And.class
./org/mockito/internal/matchers/LocalizedMatcher.class
./org/mockito/internal/matchers/InstanceOf.class
./org/mockito/internal/matchers/MatchersPrinter.class
./org/mockito/internal/matchers/ArrayEquals.class
./org/mockito/internal/matchers/Equals$1.class
./org/mockito/internal/matchers/VarargCapturingMatcher.class
./org/mockito/internal/matchers/CapturingMatcher.class
./org/mockito/internal/matchers/MatcherDecorator.class
./org/mockito/internal/matchers/Any.class
./org/mockito/internal/matchers/AnyVararg.class
./org/mockito/internal/matchers/apachecommons/EqualsBuilder.class
./org/mockito/internal/matchers/apachecommons/ReflectionEquals.class
./org/mockito/internal/matchers/LessThan.class
./org/mockito/internal/matchers/Find.class
./org/mockito/internal/matchers/EqualsWithDelta.class
./org/mockito/internal/matchers/StartsWith.class
./org/mockito/internal/matchers/GreaterOrEqual.class
./org/mockito/internal/matchers/LessOrEqual.class
./org/mockito/internal/matchers/Null.class
./org/mockito/internal/matchers/Equality.class
./org/mockito/internal/matchers/Not.class
./org/mockito/internal/matchers/VarargMatcher.class
./org/mockito/internal/matchers/Or.class
./org/mockito/internal/matchers/NotNull.class
./org/mockito/internal/matchers/EndsWith.class
./org/mockito/internal/matchers/GreaterThan.class
./org/mockito/internal/matchers/Same.class
./org/mockito/internal/matchers/Equals.class
./org/mockito/internal/matchers/CompareEqual.class
./org/mockito/internal/runners/RunnerFactory.class
./org/mockito/internal/runners/JUnit45AndHigherRunnerImpl$1.class
./org/mockito/internal/runners/JUnit45AndHigherRunnerImpl.class
./org/mockito/internal/runners/JUnit44RunnerImpl.class
./org/mockito/internal/runners/RunnerImpl.class
./org/mockito/internal/runners/JUnit44RunnerImpl$1.class
./org/mockito/internal/runners/util/RunnerProvider.class
./org/mockito/internal/runners/util/FrameworkUsageValidator.class
./org/mockito/internal/runners/util/TestMethodsFinder.class
./org/mockito/internal/InOrderImpl.class
./org/mockito/internal/invocation/SerializableMethod.class
./org/mockito/internal/invocation/AbstractAwareMethod.class
./org/mockito/internal/invocation/InvocationsFinder$RemoveUnverifiedInOrder.class
./org/mockito/internal/invocation/InvocationsFinder$1.class
./org/mockito/internal/invocation/StubInfoImpl.class
./org/mockito/internal/invocation/ArgumentsProcessor.class
./org/mockito/internal/invocation/InvocationsFinder.class
./org/mockito/internal/invocation/MockitoMethod.class
./org/mockito/internal/invocation/ArgumentsComparator.class
./org/mockito/internal/invocation/InvocationMarker.class
./org/mockito/internal/invocation/InvocationsFinder$RemoveNotMatching.class
./org/mockito/internal/invocation/finder/VerifiableInvocationsFinder$1.class
./org/mockito/internal/invocation/finder/VerifiableInvocationsFinder$RemoveIgnoredForVerification.class
./org/mockito/internal/invocation/finder/AllInvocationsFinder$SequenceNumberComparator.class
./org/mockito/internal/invocation/finder/VerifiableInvocationsFinder.class
./org/mockito/internal/invocation/finder/AllInvocationsFinder.class
./org/mockito/internal/invocation/finder/AllInvocationsFinder$1.class
./org/mockito/internal/invocation/realmethod/RealMethod.class
./org/mockito/internal/invocation/realmethod/DefaultRealMethod.class
./org/mockito/internal/invocation/realmethod/CleanTraceRealMethod.class
./org/mockito/internal/invocation/InvocationMatcher.class
./org/mockito/internal/invocation/InvocationImpl.class
./org/mockito/internal/invocation/MatchersBinder.class
./org/mockito/internal/invocation/CapturesArgumensFromInvocation.class
./org/mockito/internal/invocation/UnusedStubsFinder.class
./org/mockito/internal/progress/SequenceNumber.class
./org/mockito/internal/progress/IOngoingStubbing.class
./org/mockito/internal/progress/HandyReturnValues.class
./org/mockito/internal/progress/MockingProgressImpl.class
./org/mockito/internal/progress/ThreadSafeMockingProgress.class
./org/mockito/internal/progress/MockingProgress.class
./org/mockito/internal/progress/ArgumentMatcherStorage.class
./org/mockito/internal/progress/ArgumentMatcherStorageImpl.class
./org/mockito/internal/verification/DefaultRegisteredInvocations$1.class
./org/mockito/internal/verification/DefaultRegisteredInvocations$RemoveToString.class
./org/mockito/internal/verification/checkers/MissingInvocationInOrderChecker.class
./org/mockito/internal/verification/checkers/NonGreedyNumberOfInvocationsInOrderChecker.class
./org/mockito/internal/verification/checkers/MissingInvocationChecker.class
./org/mockito/internal/verification/checkers/AtLeastDiscrepancy.class
./org/mockito/internal/verification/checkers/AtLeastXNumberOfInvocationsInOrderChecker.class
./org/mockito/internal/verification/checkers/AtLeastXNumberOfInvocationsChecker.class
./org/mockito/internal/verification/checkers/NumberOfInvocationsChecker.class
./org/mockito/internal/verification/checkers/NumberOfInvocationsInOrderChecker.class
./org/mockito/internal/verification/RegisteredInvocations.class
./org/mockito/internal/verification/NoMoreInteractions.class
./org/mockito/internal/verification/AtLeast.class
./org/mockito/internal/verification/AtMost.class
./org/mockito/internal/verification/Only.class
./org/mockito/internal/verification/VerificationDataImpl.class
./org/mockito/internal/verification/Calls.class
./org/mockito/internal/verification/MockAwareVerificationMode.class
./org/mockito/internal/verification/api/VerificationInOrderMode.class
./org/mockito/internal/verification/api/VerificationDataInOrder.class
./org/mockito/internal/verification/api/VerificationDataInOrderImpl.class
./org/mockito/internal/verification/api/InOrderContext.class
./org/mockito/internal/verification/api/VerificationData.class
./org/mockito/internal/verification/SingleRegisteredInvocation.class
./org/mockito/internal/verification/Times.class
./org/mockito/internal/verification/argumentmatching/ArgumentMatchingTool.class
./org/mockito/internal/verification/VerificationOverTimeImpl.class
./org/mockito/internal/verification/InOrderContextImpl.class
./org/mockito/internal/verification/DefaultRegisteredInvocations.class
./org/mockito/internal/verification/VerificationModeFactory.class
./org/mockito/internal/verification/InOrderWrapper.class
./org/mockito/internal/configuration/MockitoAnnotationsMockAnnotationProcessor.class
./org/mockito/internal/configuration/ClassPathLoader.class
./org/mockito/internal/configuration/DefaultInjectionEngine.class
./org/mockito/internal/configuration/injection/MockInjection.class
./org/mockito/internal/configuration/injection/MockInjection$OngoingMockInjection.class
./org/mockito/internal/configuration/injection/PropertyAndSetterInjection.class
./org/mockito/internal/configuration/injection/MockInjectionStrategy$1.class
./org/mockito/internal/configuration/injection/MockInjectionStrategy.class
./org/mockito/internal/configuration/injection/MockInjection$1.class
./org/mockito/internal/configuration/injection/SpyOnInjectedFieldsHandler.class
./org/mockito/internal/configuration/injection/ConstructorInjection$SimpleArgumentResolver.class
./org/mockito/internal/configuration/injection/scanner/InjectMocksScanner.class
./org/mockito/internal/configuration/injection/scanner/MockScanner.class
./org/mockito/internal/configuration/injection/PropertyAndSetterInjection$1.class
./org/mockito/internal/configuration/injection/ConstructorInjection.class
./org/mockito/internal/configuration/injection/filter/MockCandidateFilter.class
./org/mockito/internal/configuration/injection/filter/FinalMockCandidateFilter.class
./org/mockito/internal/configuration/injection/filter/FinalMockCandidateFilter$2.class
./org/mockito/internal/configuration/injection/filter/OngoingInjecter.class
./org/mockito/internal/configuration/injection/filter/FinalMockCandidateFilter$1.class
./org/mockito/internal/configuration/injection/filter/TypeBasedCandidateFilter.class
./org/mockito/internal/configuration/injection/filter/NameBasedCandidateFilter.class
./org/mockito/internal/configuration/CaptorAnnotationProcessor.class
./org/mockito/internal/configuration/MockAnnotationProcessor.class
./org/mockito/internal/configuration/DefaultAnnotationEngine$1.class
./org/mockito/internal/configuration/InjectingAnnotationEngine.class
./org/mockito/internal/configuration/FieldAnnotationProcessor.class
./org/mockito/internal/configuration/plugins/PluginFileReader.class
./org/mockito/internal/configuration/plugins/Plugins.class
./org/mockito/internal/configuration/plugins/PluginFinder.class
./org/mockito/internal/configuration/plugins/DefaultPluginSwitch.class
./org/mockito/internal/configuration/plugins/PluginRegistry.class
./org/mockito/internal/configuration/plugins/PluginLoader.class
./org/mockito/internal/configuration/DefaultAnnotationEngine.class
./org/mockito/internal/configuration/SpyAnnotationEngine.class
./org/mockito/internal/configuration/GlobalConfiguration.class
./org/mockito/internal/util/Timer.class
./org/mockito/internal/util/Primitives.class
./org/mockito/internal/util/junit/JUnitFailureHacker.class
./org/mockito/internal/util/SimpleMockitoLogger.class
./org/mockito/internal/util/MockitoLogger.class
./org/mockito/internal/util/ObjectMethodsGuru.class
./org/mockito/internal/util/ConsoleMockitoLogger.class
./org/mockito/internal/util/StringJoiner.class
./org/mockito/internal/util/io/IOUtil.class
./org/mockito/internal/util/Decamelizer.class
./org/mockito/internal/util/RemoveFirstLine.class
./org/mockito/internal/util/MockNameImpl.class
./org/mockito/internal/util/collections/HashCodeAndEqualsSafeSet$1.class
./org/mockito/internal/util/collections/ArrayUtils.class
./org/mockito/internal/util/collections/HashCodeAndEqualsSafeSet.class
./org/mockito/internal/util/collections/Iterables.class
./org/mockito/internal/util/collections/HashCodeAndEqualsMockWrapper.class
./org/mockito/internal/util/collections/ListUtil.class
./org/mockito/internal/util/collections/IdentitySet.class
./org/mockito/internal/util/collections/Sets.class
./org/mockito/internal/util/collections/ListUtil$Filter.class
./org/mockito/internal/util/MockUtil.class
./org/mockito/internal/util/reflection/GenericMetadataSupport$ParameterizedReturnType.class
./org/mockito/internal/util/reflection/Fields$2.class
./org/mockito/internal/util/reflection/GenericMetadataSupport$FromClassGenericMetadataSupport.class
./org/mockito/internal/util/reflection/FieldInitializer.class
./org/mockito/internal/util/reflection/Fields$1.class
./org/mockito/internal/util/reflection/GenericMetadataSupport$TypeVarBoundedType.class
./org/mockito/internal/util/reflection/SuperTypesLastSorter.class
./org/mockito/internal/util/reflection/AccessibilityChanger.class
./org/mockito/internal/util/reflection/FieldInitializer$NoArgConstructorInstantiator.class
./org/mockito/internal/util/reflection/GenericMetadataSupport.class
./org/mockito/internal/util/reflection/FieldSetter.class
./org/mockito/internal/util/reflection/FieldReader.class
./org/mockito/internal/util/reflection/GenericMetadataSupport$BoundedType.class
./org/mockito/internal/util/reflection/SuperTypesLastSorter$1.class
./org/mockito/internal/util/reflection/FieldInitializer$ConstructorArgumentResolver.class
./org/mockito/internal/util/reflection/FieldCopier.class
./org/mockito/internal/util/reflection/Fields.class
./org/mockito/internal/util/reflection/FieldInitializer$ConstructorInstantiator.class
./org/mockito/internal/util/reflection/FieldInitializer$ParameterizedConstructorInstantiator$1.class
./org/mockito/internal/util/reflection/FieldInitializer$ParameterizedConstructorInstantiator.class
./org/mockito/internal/util/reflection/GenericMaster.class
./org/mockito/internal/util/reflection/GenericMetadataSupport$WildCardBoundedType.class
./org/mockito/internal/util/reflection/GenericMetadataSupport$FromParameterizedTypeGenericMetadataSupport.class
./org/mockito/internal/util/reflection/LenientCopyTool.class
./org/mockito/internal/util/reflection/FieldInitializationReport.class
./org/mockito/internal/util/reflection/GenericMetadataSupport$NotGenericReturnTypeSupport.class
./org/mockito/internal/util/reflection/Constructors.class
./org/mockito/internal/util/reflection/BeanPropertySetter.class
./org/mockito/internal/util/reflection/InstanceField.class
./org/mockito/internal/util/reflection/Whitebox.class
./org/mockito/internal/util/reflection/Fields$InstanceFields.class
./org/mockito/internal/util/reflection/GenericMetadataSupport$TypeVariableReturnType.class
./org/mockito/internal/util/DefaultMockingDetails.class
./org/mockito/internal/util/MockCreationValidator.class
./org/mockito/internal/util/Checks.class
./org/mockito/runners/ConsoleSpammingMockitoJUnitRunner$1.class
./org/mockito/runners/MockitoJUnitRunner.class
./org/mockito/runners/MockitoJUnit44Runner.class
./org/mockito/runners/VerboseMockitoJUnitRunner.class
./org/mockito/runners/ConsoleSpammingMockitoJUnitRunner.class
./org/mockito/runners/VerboseMockitoJUnitRunner$1.class
./org/mockito/invocation/DescribedInvocation.class
./org/mockito/invocation/InvocationOnMock.class
./org/mockito/invocation/StubInfo.class
./org/mockito/invocation/Invocation.class
./org/mockito/invocation/MockHandler.class
./org/mockito/invocation/Location.class
./org/mockito/ArgumentCaptor.class
./org/mockito/Mockito.class
./org/mockito/verification/After.class
./org/mockito/verification/VerificationWrapper.class
./org/mockito/verification/VerificationAfterDelay.class
./org/mockito/verification/Timeout.class
./org/mockito/verification/VerificationWithTimeout.class
./org/mockito/verification/VerificationMode.class
./org/mockito/ReturnValues.class
./org/mockito/MockitoAnnotations$Mock.class
./org/mockito/BDDMockito$BDDMyOngoingStubbing.class
./org/mockito/Captor.class
./org/mockito/configuration/AnnotationEngine.class
./org/mockito/configuration/IMockitoConfiguration.class
./org/mockito/configuration/DefaultMockitoConfiguration.class
./org/mockito/AdditionalAnswers.class
